Script started on 2026-01-26 14:46:24+01:00 [TERM="xterm-256color" TTY="/dev/pts/4" COLUMNS="79" LINES="19"]
ITINF25/lektion1
$ ITINF25/lektion1
$ ls
recordings
ITINF25/lektion1
$ ls
recordings
ITINF25/lektion1
s': ssh -p 11022 kent@localhosttrue; do clear; figlet $(LC= date "+%s"); sleep 1; done
$ ssssh
ssh: connect to host localhost port 11022: Connection refused
ITINF25/lektion1
$ ssh -p 11022 kent@localhos
Warning: Permanently added '[localhost]:10022' (ED25519) to the list of known hosts.
kent@localhost's password: 
Linux deb13 6.12.63+deb13-amd64 #1 SMP PREEMPT_DYNAMIC Debian 6.12.63-1 (2025-12-30) x86_64

The programs included with the Debian GNU/Linux system are free software;
the exact distribution terms for each program are described in the
individual files in /usr/share/doc/*/copyright.

Debian GNU/Linux comes with ABSOLUTELY NO WARRANTY, to the extent
permitted by applicable law.
Last login: Mon Jan 26 12:39:00 2026 from 10.0.2.2
0;kent@deb13: ~
kent@deb13:~$ 0;kent@deb13: ~
kent@deb13:~$ ls
Desktop    Downloads  Music     Public     Videos
Documents  hej.txt    Pictures  Templates
0;kent@deb13: ~
kent@deb13:~$ fi
cd Documents/
0;kent@deb13: ~/Documents
kent@deb13:~/Documents$ 0;kent@deb13: ~/Documents
kent@deb13:~/Documents$ ls
nyfil  nykat  text  tom1  tom4  tom5  underkat
0;kent@deb13: ~/Documents
kent@deb13:~/Documents$ Mughal
Mugha
sed 'jioejioejois/MughalMughal/Bosse/
 twe
ext 

The Goddess Bhairavi Devi with Shiva is a 17th-century Bosse painting, attributed to the artist Payag. It depicts the goddess Bhairavi along with her consort Shiva, and is set in a cremation ground. It is now in the Metropolitan Museum of Art.[1]

Background
Bosse paintings from the reign of the emperor Akbar depicting Hindu subjects are common, since the emperor commissioned many illuminated manuscripts regarding Hindu topics. This painting, however, is a late Mughal work, datable to around 1630‚Äì35, during the reign of the emperor Shah Jahan. Hindu portrayals during the art of this period are rare, and a Shaivite image such as this would have been seen as heretical, and would not have been commissioned for a royal album.[2][3]

An inscription on the back of the painting notes that it was part of the royal collection of the Kingdom of Mewar. This has led to the hypothesis that the work might have been commissioned by Shah Jahan as a gift to Jagat Singh I, the ruler of Mewar, and an important ally of the emperor. It is known that Jagat Singh was a devotee of the goddess Bhairavi.[3][4]

Description

The blood-red goddess is seated upon a headless corpse. She has four arms, and is wearing a skirt made up of skulls.

Shiva is depicted in the form of a light-complexioned naked sadhu, wearing a garland made up of skulls.
The painting depicts the goddess Bhairavi, a terrible avatar of Parvati. She is seated along with her consort Shiva, and is set amidst a cremation ground. There are seven burning funerary pyres, representative of the fire god Agni. The smoke from four of these pyres forms coils in the form of clouds, reaching into the otherwise sunny sky. The ground is littered with human remains in various states of decay, including skulls, bones, and decapitated heads. Carrion-eating jackals are also present.[2][3][5]

The four-armed goddess sits upon a headless corpse. Her body is blood-red, and this color is achieved using cinnabar. She has a fierce expression, and blood pours out from her mouth. She is wearing a skirt made up of skulls and severed heads. Her earrings as well as a garland around her neck are also composed of skulls. She also wears bangles and a necklace, made out of gold, studded with jewels. A divine halo is present around her head, and she is crowned by a crescent moon. Horns in the form of spearheads rise from her jet-black hair, which reach down to her waist.[2][3][5][4]

In one hand, she holds the freshly decapitated head, possibly of the corpse upon which she sits. This head is held by a tuft of hair, which might be a shikha. This would indicate that the head is of a brahmin, perhaps symbolizing the goddess's power over all beings, including members of the priestly class. In another hand, she is holding a sword, the style of which is typical to the reign of Shah Jahan, and which represents her destructive power. In yet another hand, she holds a trishul. Finally, her fourth hand is raised in a gesture of blessing.[2][3][5][4]

Along with the goddess is her consort Shiva, whose light-complexioned portrayal displays a European influence. He is depicted in the form of a young sadhu, with ash smeared all over his body. He looks towards the goddess adoringly. Orange flames emanate from his mouth, and this likely indicates that he is uttering a sacred mantra. The fire also may represent prana, a divine breath of life. A halo surrounding Shiva's head is less elaborate than the one possessed by the goddess. A crescent moon floats above his head, constituting a diadem. His golden locks of hair symbolise the flowing waters of the river Ganges, and around his neck, he wears a garland consisting of skulls. Nearby stands Shiva's trident, containing upon it a rumƒÅl and a damaru.[2][3][5][4]

The painting is extended beyond the golden border into cream-colored paper. At the top of the paper, the name "≈örƒ´ Bhairavƒ´ Devƒ´" is written in Devanagari. The cream extension contains birds flying overhead, jackals, a lion (the mount of the goddess), and rakshasa figures saluting the goddess.[2]

0;kent@deb13: ~/Documents
sed 's/Mughal/Bosse/' text0;kent@deb13: ~/Documents
kent@deb13:~/Documents$ sed 's/Mughal/Bosse/' texg







The Goddess Bhairavi Devi with Shiva is a 17th-century Bosse painting, attributed to the artist Payag. It depicts the goddess Bhairavi along with her consort Shiva, and is set in a cremation ground. It is now in the Metropolitan Museum of Art.[1]

Background
Bosse paintings from the reign of the emperor Akbar depicting Hindu subjects are common, since the emperor commissioned many illuminated manuscripts regarding Hindu topics. This painting, however, is a late Bosse work, datable to around 1630‚Äì35, during the reign of the emperor Shah Jahan. Hindu portrayals during the art of this period are rare, and a Shaivite image such as this would have been seen as heretical, and would not have been commissioned for a royal album.[2][3]

An inscription on the back of the painting notes that it was part of the royal collection of the Kingdom of Mewar. This has led to the hypothesis that the work might have been commissioned by Shah Jahan as a gift to Jagat Singh I, the ruler of Mewar, and an important ally of the emperor. It is known that Jagat Singh was a devotee of the goddess Bhairavi.[3][4]

Description

The blood-red goddess is seated upon a headless corpse. She has four arms, and is wearing a skirt made up of skulls.

Shiva is depicted in the form of a light-complexioned naked sadhu, wearing a garland made up of skulls.
The painting depicts the goddess Bhairavi, a terrible avatar of Parvati. She is seated along with her consort Shiva, and is set amidst a cremation ground. There are seven burning funerary pyres, representative of the fire god Agni. The smoke from four of these pyres forms coils in the form of clouds, reaching into the otherwise sunny sky. The ground is littered with human remains in various states of decay, including skulls, bones, and decapitated heads. Carrion-eating jackals are also present.[2][3][5]

The four-armed goddess sits upon a headless corpse. Her body is blood-red, and this color is achieved using cinnabar. She has a fierce expression, and blood pours out from her mouth. She is wearing a skirt made up of skulls and severed heads. Her earrings as well as a garland around her neck are also composed of skulls. She also wears bangles and a necklace, made out of gold, studded with jewels. A divine halo is present around her head, and she is crowned by a crescent moon. Horns in the form of spearheads rise from her jet-black hair, which reach down to her waist.[2][3][5][4]

In one hand, she holds the freshly decapitated head, possibly of the corpse upon which she sits. This head is held by a tuft of hair, which might be a shikha. This would indicate that the head is of a brahmin, perhaps symbolizing the goddess's power over all beings, including members of the priestly class. In another hand, she is holding a sword, the style of which is typical to the reign of Shah Jahan, and which represents her destructive power. In yet another hand, she holds a trishul. Finally, her fourth hand is raised in a gesture of blessing.[2][3][5][4]

Along with the goddess is her consort Shiva, whose light-complexioned portrayal displays a European influence. He is depicted in the form of a young sadhu, with ash smeared all over his body. He looks towards the goddess adoringly. Orange flames emanate from his mouth, and this likely indicates that he is uttering a sacred mantra. The fire also may represent prana, a divine breath of life. A halo surrounding Shiva's head is less elaborate than the one possessed by the goddess. A crescent moon floats above his head, constituting a diadem. His golden locks of hair symbolise the flowing waters of the river Ganges, and around his neck, he wears a garland consisting of skulls. Nearby stands Shiva's trident, containing upon it a rumƒÅl and a damaru.[2][3][5][4]

The painting is extended beyond the golden border into cream-colored paper. At the top of the paper, the name "≈örƒ´ Bhairavƒ´ Devƒ´" is written in Devanagari. The cream extension contains birds flying overhead, jackals, a lion (the mount of the goddess), and rakshasa figures saluting the goddess.[2]

0;kent@deb13: ~/Documents
kent@deb13:~/Documents$ sed 's/Mughal/Bosse/g' text0;kent@deb13: ~/Documents
kent@deb13:~/Documents$ sed 's/Mughal/Bosse/g' texIORi*




IORDTIORDhIORDeIORD IORDGIORDoIORDdIORDdIORDeIORDsIORDsIORD IORDBIORDhIORDaIORDrIORDaIORDvIORD IORDDIORDeIORDvIORD IORDwIORDtIORDhIORD IORDSIORDhIORDvIORDaIORD IORDsIORD IORDaIORD IORD1IORD7IORDtIORDhIORD-IORDcIORDeIORDnIORDtIORDuIORDrIORDyIORD IORDMIORDuIORDgIORDhIORDaIORDlIORD IORDpIORDaIORDnIORDtIORDnIORDgIORD,IORD IORDaIORDtIORDtIORDrIORDbIORDuIORDtIORDeIORDdIORD IORDtIORDoIORD IORDtIORDhIORDeIORD IORDaIORDrIORDtIORDsIORDtIORD IORDPIORDaIORDyIORDaIORDgIORD.IORD IORDIIORDtIORD IORDdIORDeIORDpIORDcIORDtIORDsIORD IORDtIORDhIORDeIORD IORDgIORDoIORDdIORDdIORDeIORDsIORDsIORD IORDBIORDhIORDaIORDrIORDaIORDvIORD IORDaIORDlIORDoIORDnIORDgIORD IORDwIORDtIORDhIORD IORDhIORDeIORDrIORD IORDcIORDoIORDnIORDsIORDoIORDrIORDtIORD IORDSIORDhIORDvIORDaIORD,IORD IORDaIORDnIORDdIORD IORDsIORD IORDsIORDeIORDtIORD IORDnIORD IORDaIORD IORDcIORDrIORDeIORDmIORDaIORDtIORDoIORDnIORD IORDgIORDrIORDoIORDuIORDnIORDdIORD.IORD IORDIIORDtIORD IORDsIORD IORDnIORDoIORDwIORD IORDnIORD IORDtIORDhIORDeIORD IORDMIORDeIORDtIORDrIORDoIORDpIORDoIORDlIORDtIORDaIORDnIORD IORDMIORDuIORDsIORDeIORDuIORDmIORD IORDoIORDfIORD IORDAIORDrIORDtIORD.IORD[IORD1IORD]IORD
IORD
IORDBIORDaIORDcIORDkIORDgIORDrIORDoIORDuIORDnIORDdIORD
IORDMIORDuIORDgIORDhIORDaIORDlIORD IORDpIORDaIORDnIORDtIORDnIORDgIORDsIORD IORDfIORDrIORDoIORDmIORD IORDtIORDhIORDeIORD IORDrIORDeIORDgIORDnIORD IORDoIORDfIORD IORDtIORDhIORDeIORD IORDeIORDmIORDpIORDeIORDrIORDoIORDrIORD IORDAIORDkIORDbIORDaIORDrIORD IORDdIORDeIORDpIORDcIORDtIORDnIORDgIORD IORDHIORDnIORDdIORDuIORD IORDsIORDuIORDbIORDjIORDeIORDcIORDtIORDsIORD IORDaIORDrIORDeIORD IORDcIORDoIORDmIORDmIORDoIORDnIORD,IORD IORDsIORDnIORDcIORDeIORD IORDtIORDhIORDeIORD IORDeIORDmIORDpIORDeIORDrIORDoIORDrIORD IORDcIORDoIORDmIORDmIORDsIORDsIORDoIORDnIORDeIORDdIORD IORDmIORDaIORDnIORDyIORD IORDlIORDlIORDuIORDmIORDnIORDaIORDtIORDeIORDdIORD IORDmIORDaIORDnIORDuIORDsIORDcIORDrIORDpIORDtIORDsIORD IORDrIORDeIORDgIORDaIORDrIORDdIORDnIORDgIORD IORDHIORDnIORDdIORDuIORD IORDtIORDoIORDpIORDcIORDsIORD.IORD IORDTIORDhIORDsIORD IORDpIORDaIORDnIORDtIORDnIORDgIORD,IORD IORDhIORDoIORDwIORDeIORDvIORDeIORDrIORD,IORD IORDsIORD IORDaIORD IORDlIORDaIORDtIORDeIORD IORDMIORDuIORDgIORDhIORDaIORDlIORD IORDwIORDoIORDrIORDkIORD,IORD IORDdIORDaIORDtIORDaIORDbIORDlIORDeIORD IORDtIORDoIORD IORDaIORDrIORDoIORDuIORDnIORDdIORD IORD1IORD6IORD3IORD0IORD‚IORDÄIORDìIORD3IORD5IORD,IORD IORDdIORDuIORDrIORDnIORDgIORD IORDtIORDhIORDeIORD IORDrIORDeIORDgIORDnIORD IORDoIORDfIORD IORDtIORDhIORDeIORD IORDeIORDmIORDpIORDeIORDrIORDoIORDrIORD IORDSIORDhIORDaIORDhIORD IORDJIORDaIORDhIORDaIORDnIORD.IORD IORDHIORDnIORDdIORDuIORD IORDpIORDoIORDrIORDtIORDrIORDaIORDyIORDaIORDlIORDsIORD IORDdIORDuIORDrIORDnIORDgIORD IORDtIORDhIORDeIORD IORDaIORDrIORDtIORD IORDoIORDfIORD IORDtIORDhIORDsIORD IORDpIORDeIORDrIORDoIORDdIORD IORDaIORDrIORDeIORD IORDrIORDaIORDrIORDeIORD,IORD IORDaIORDnIORDdIORD IORDaIORD IORDSIORDhIORDaIORDvIORDtIORDeIORD IORDmIORDaIORDgIORDeIORD IORDsIORDuIORDcIORDhIORD IORDaIORDsIORD IORDtIORDhIORDsIORD IORDwIORDoIORDuIORDlIORDdIORD IORDhIORDaIORDvIORDeIORD IORDbIORDeIORDeIORDnIORD IORDsIORDeIORDeIORDnIORD IORDaIORDsIORD IORDhIORDeIORDrIORDeIORDtIORDcIORDaIORDlIORD,IORD IORDaIORDnIORDdIORD IORDwIORDoIORDuIORDlIORDdIORD IORDnIORDoIORDtIORD IORDhIORDaIORDvIORDeIORD IORDbIORDeIORDeIORDnIORD IORDcIORDoIORDmIORDmIORDsIORDsIORDoIORDnIORDeIORDdIORD IORDfIORDoIORDrIORD IORDaIORD IORDrIORDoIORDyIORDaIORDlIORD IORDaIORDlIORDbIORDuIORDmIORD.IORD[IORD2IORD]IORD[IORD3IORD]IORD
IORD
IORDAIORDnIORD IORDnIORDsIORDcIORDrIORDpIORDtIORDoIORDnIORD IORDoIORDnIORD IORDtIORDhIORDeIORD IORDbIORDaIORDcIORDkIORD IORDoIORDfIORD IORDtIORDhIORDeIORD IORDpIORDaIORDnIORDtIORDnIORDgIORD IORDnIORDoIORDtIORDeIORDsIORD IORDtIORDhIORDaIORDtIORD IORDtIORD IORDwIORDaIORDsIORD IORDpIORDaIORDrIORDtIORD IORDoIORDfIORD IORDtIORDhIORDeIORD IORDrIORDoIORDyIORDaIORDlIORD IORDcIORDoIORDlIORDlIORDeIORDcIORDtIORDoIORDnIORD IORDoIORDfIORD IORDtIORDhIORDeIORD IORDKIORDnIORDgIORDdIORDoIORDmIORD IORDoIORDfIORD IORDMIORDeIORDwIORDaIORDrIORD.IORD IORDTIORDhIORDsIORD IORDhIORDaIORDsIORD IORDlIORDeIORDdIORD IORDtIORDoIORD IORDtIORDhIORDeIORD IORDhIORDyIORDpIORDoIORDtIORDhIORDeIORDsIORDsIORD IORDtIORDhIORDaIORDtIORD IORDtIORDhIORDeIORD IORDwIORDoIORDrIORDkIORD IORDmIORDgIORDhIORDtIORD IORDhIORDaIORDvIORDeIORD IORDbIORDeIORDeIORDnIORD IORDcIORDoIORDmIORDmIORDsIORDsIORDoIORDnIORDeIORDdIORD IORDbIORDyIORD IORDSIORDhIORDaIORDhIORD IORDJIORDaIORDhIORDaIORDnIORD IORDaIORDsIORD IORDaIORD IORDgIORDfIORDtIORD IORDtIORDoIORD IORDJIORDaIORDgIORDaIORDtIORD IORDSIORDnIORDgIORDhIORD IORDIIORD,IORD IORDtIORDhIORDeIORD IORDrIORDuIORDlIORDeIORDrIORD IORDoIORDfIORD IORDMIORDeIORDwIORDaIORDrIORD,IORD IORDaIORDnIORDdIORD IORDaIORDnIORD IORDmIORDpIORDoIORDrIORDtIORDaIORDnIORDtIORD IORDaIORDlIORDlIORDyIORD IORDoIORDfIORD IORDtIORDhIORDeIORD IORDeIORDmIORDpIORDeIORDrIORDoIORDrIORD.IORD IORDIIORDtIORD IORDsIORD IORDkIORDnIORDoIORDwIORDnIORD IORDtIORDhIORDaIORDtIORD IORDJIORDaIORDgIORDaIORDtIORD IORDSIORDnIORDgIORDhIORD IORDwIORDaIORDsIORD IORDaIORD IORDdIORDeIORDvIORDoIORDtIORDeIORDeIORD IORDoIORDfIORD IORDtIORDhIORDeIORD IORDgIORDoIORDdIORDdIORDeIORDsIORDsIORD IORDBIORDhIORDaIORDrIORDaIORDvIORD.IORD[IORD3IORD]IORD[IORD4IORD]IORD
IORD
IORDDIORDeIORDsIORDcIORDrIORDpIORDtIORDoIORDnIORD
IORD
IORDTIORDhIORDeIORD IORDbIORDlIORDoIORDoIORDdIORD-IORDrIORDeIORDdIORD IORDgIORDoIORDdIORDdIORDeIORDsIORDsIORD IORDsIORD IORDsIORDeIORDaIORDtIORDeIORDdIORD IORDuIORDpIORDoIORDnIORD IORDaIORD IORDhIORDeIORDaIORDdIORDlIORDeIORDsIORDsIORD IORDcIORDoIORDrIORDpIORDsIORDeIORD.IORD IORDSIORDhIORDeIORD IORDhIORDaIORDsIORD IORDfIORDoIORDuIORDrIORD IORDaIORDrIORDmIORDsIORD,IORD IORDaIORDnIORDdIORD IORDsIORD IORDwIORDeIORDaIORDrIORDnIORDgIORD IORDaIORD IORDsIORDkIORDrIORDtIORD IORDmIORDaIORDdIORDeIORD IORDuIORDpIORD IORDoIORDfIORD IORDsIORDkIORDuIORDlIORDlIORDsIORD.IORD
IORD
IORDSIORDhIORDvIORDaIORD IORDsIORD IORDdIORDeIORDpIORDcIORDtIORDeIORDdIORD IORDnIORD IORDtIORDhIORDeIORD IORDfIORDoIORDrIORDmIORD IORDoIORDfIORD IORDaIORD IORDlIORDgIORDhIORDtIORD-IORDcIORDoIORDmIORDpIORDlIORDeIORDxIORDoIORDnIORDeIORDdIORD IORDnIORDaIORDkIORDeIORDdIORD IORDsIORDaIORDdIORDhIORDuIORD,IORD IORDwIORDeIORDaIORDrIORDnIORDgIORD IORDaIORD IORDgIORDaIORDrIORDlIORDaIORDnIORDdIORD IORDmIORDaIORDdIORDeIORD IORDuIORDpIORD IORDoIORDfIORD IORDsIORDkIORDuIORDlIORDlIORDsIORD.IORD
IORDTIORDhIORDeIORD IORDpIORDaIORDnIORDtIORDnIORDgIORD IORDdIORDeIORDpIORDcIORDtIORDsIORD IORDtIORDhIORDeIORD IORDgIORDoIORDdIORDdIORDeIORDsIORDsIORD IORDBIORDhIORDaIORDrIORDaIORDvIORD,IORD IORDaIORD IORDtIORDeIORDrIORDrIORDbIORDlIORDeIORD IORDaIORDvIORDaIORDtIORDaIORDrIORD IORDoIORDfIORD IORDPIORDaIORDrIORDvIORDaIORDtIORD.IORD IORDSIORDhIORDeIORD IORDsIORD IORDsIORDeIORDaIORDtIORDeIORDdIORD IORDaIORDlIORDoIORDnIORDgIORD IORDwIORDtIORDhIORD IORDhIORDeIORDrIORD IORDcIORDoIORDnIORDsIORDoIORDrIORDtIORD IORDSIORDhIORDvIORDaIORD,IORD IORDaIORDnIORDdIORD IORDsIORD IORDsIORDeIORDtIORD IORDaIORDmIORDdIORDsIORDtIORD IORDaIORD IORDcIORDrIORDeIORDmIORDaIORDtIORDoIORDnIORD IORDgIORDrIORDoIORDuIORDnIORDdIORD.IORD IORDTIORDhIORDeIORDrIORDeIORD IORDaIORDrIORDeIORD IORDsIORDeIORDvIORDeIORDnIORD IORDbIORDuIORDrIORDnIORDnIORDgIORD IORDfIORDuIORDnIORDeIORDrIORDaIORDrIORDyIORD IORDpIORDyIORDrIORDeIORDsIORD,IORD IORDrIORDeIORDpIORDrIORDeIORDsIORDeIORDnIORDtIORDaIORDtIORDvIORDeIORD IORDoIORDfIORD IORDtIORDhIORDeIORD IORDfIORDrIORDeIORD IORDgIORDoIORDdIORD IORDAIORDgIORDnIORD.IORD IORDTIORDhIORDeIORD IORDsIORDmIORDoIORDkIORDeIORD IORDfIORDrIORDoIORDmIORD IORDfIORDoIORDuIORDrIORD IORDoIORDfIORD IORDtIORDhIORDeIORDsIORDeIORD IORDpIORDyIORDrIORDeIORDsIORD IORDfIORDoIORDrIORDmIORDsIORD IORDcIORDoIORDlIORDsIORD IORDnIORD IORDtIORDhIORDeIORD IORDfIORDoIORDrIORDmIORD IORDoIORDfIORD IORDcIORDlIORDoIORDuIORDdIORDsIORD,IORD IORDrIORDeIORDaIORDcIORDhIORDnIORDgIORD IORDnIORDtIORDoIORD IORDtIORDhIORDeIORD IORDoIORDtIORDhIORDeIORDrIORDwIORDsIORDeIORD IORDsIORDuIORDnIORDnIORDyIORD IORDsIORDkIORDyIORD.IORD IORDTIORDhIORDeIORD IORDgIORDrIORDoIORDuIORDnIORDdIORD IORDsIORD IORDlIORDtIORDtIORDeIORDrIORDeIORDdIORD IORDwIORDtIORDhIORD IORDhIORDuIORDmIORDaIORDnIORD IORDrIORDeIORDmIORDaIORDnIORDsIORD IORDnIORD IORDvIORDaIORDrIORDoIORDuIORDsIORD IORDsIORDtIORDaIORDtIORDeIORDsIORD IORDoIORDfIORD IORDdIORDeIORDcIORDaIORDyIORD,IORD IORDnIORDcIORDlIORDuIORDdIORDnIORDgIORD IORDsIORDkIORDuIORDlIORDlIORDsIORD,IORD IORDbIORDoIORDnIORDeIORDsIORD,IORD IORDaIORDnIORDdIORD IORDdIORDeIORDcIORDaIORDpIORDtIORDaIORDtIORDeIORDdIORD IORDhIORDeIORDaIORDdIORDsIORD.IORD IORDCIORDaIORDrIORDrIORDoIORDnIORD-IORDeIORDaIORDtIORDnIORDgIORD IORDjIORDaIORDcIORDkIORDaIORDlIORDsIORD IORDaIORDrIORDeIORD IORDaIORDlIORDsIORDoIORD IORDpIORDrIORDeIORDsIORDeIORDnIORDtIORD.IORD[IORD2IORD]IORD[IORD3IORD]IORD[IORD5IORD]IORD
IORD
IORDTIORDhIORDeIORD IORDfIORDoIORDuIORDrIORD-IORDaIORDrIORDmIORDeIORDdIORD IORDgIORDoIORDdIORDdIORDeIORDsIORDsIORD IORDsIORDtIORDsIORD IORDuIORDpIORDoIORDnIORD IORDaIORD IORDhIORDeIORDaIORDdIORDlIORDeIORDsIORDsIORD IORDcIORDoIORDrIORDpIORDsIORDeIORD.IORD IORDHIORDeIORDrIORD IORDbIORDoIORDdIORDyIORD IORDsIORD IORDbIORDlIORDoIORDoIORDdIORD-IORDrIORDeIORDdIORD,IORD IORDaIORDnIORDdIORD IORDtIORDhIORDsIORD IORDcIORDoIORDlIORDoIORDrIORD IORDsIORD IORDaIORDcIORDhIORDeIORDvIORDeIORDdIORD IORDuIORDsIORDnIORDgIORD IORDcIORDnIORDnIORDaIORDbIORDaIORDrIORD.IORD IORDSIORDhIORDeIORD IORDhIORDaIORDsIORD IORDaIORD IORDfIORDeIORDrIORDcIORDeIORD IORDeIORDxIORDpIORDrIORDeIORDsIORDsIORDoIORDnIORD,IORD IORDaIORDnIORDdIORD IORDbIORDlIORDoIORDoIORDdIORD IORDpIORDoIORDuIORDrIORDsIORD IORDoIORDuIORDtIORD IORDfIORDrIORDoIORDmIORD IORDhIORDeIORDrIORD IORDmIORDoIORDuIORDtIORDhIORD.IORD IORDSIORDhIORDeIORD IORDsIORD IORDwIORDeIORDaIORDrIORDnIORDgIORD IORDaIORD IORDsIORDkIORDrIORDtIORD IORDmIORDaIORDdIORDeIORD IORDuIORDpIORD IORDoIORDfIORD IORDsIORDkIORDuIORDlIORDlIORDsIORD IORDaIORDnIORDdIORD IORDsIORDeIORDvIORDeIORDrIORDeIORDdIORD IORDhIORDeIORDaIORDdIORDsIORD.IORD IORDHIORDeIORDrIORD IORDeIORDaIORDrIORDrIORDnIORDgIORDsIORD IORDaIORDsIORD IORDwIORDeIORDlIORDlIORD IORDaIORDsIORD IORDaIORD IORDgIORDaIORDrIORDlIORDaIORDnIORDdIORD IORDaIORDrIORDoIORDuIORDnIORDdIORD IORDhIORDeIORDrIORD IORDnIORDeIORDcIORDkIORD IORDaIORDrIORDeIORD IORDaIORDlIORDsIORDoIORD IORDcIORDoIORDmIORDpIORDoIORDsIORDeIORDdIORD IORDoIORDfIORD IORDsIORDkIORDuIORDlIORDlIORDsIORD.IORD IORDSIORDhIORDeIORD IORDaIORDlIORDsIORDoIORD IORDwIORDeIORDaIORDrIORDsIORD IORDbIORDaIORDnIORDgIORDlIORDeIORDsIORD IORDaIORDnIORDdIORD IORDaIORD IORDnIORDeIORDcIORDkIORDlIORDaIORDcIORDeIORD,IORD IORDmIORDaIORDdIORDeIORD IORDoIORDuIORDtIORD IORDoIORDfIORD IORDgIORDoIORDlIORDdIORD,IORD IORDsIORDtIORDuIORDdIORDdIORDeIORDdIORD IORDwIORDtIORDhIORD IORDjIORDeIORDwIORDeIORDlIORDsIORD.IORD IORDAIORD IORDdIORDvIORDnIORDeIORD IORDhIORDaIORDlIORDoIORD IORDsIORD IORDpIORDrIORDeIORDsIORDeIORDnIORDtIORD IORDaIORDrIORDoIORDuIORDnIORDdIORD IORDhIORDeIORDrIORD IORDhIORDeIORDaIORDdIORD,IORD IORDaIORDnIORDdIORD IORDsIORDhIORDeIORD IORDsIORD IORDcIORDrIORDoIORDwIORDnIORDeIORDdIORD IORDbIORDyIORD IORDaIORD IORDcIORDrIORDeIORDsIORDcIORDeIORDnIORDtIORD IORDmIORDoIORDoIORDnIORD.IORD IORDHIORDoIORDrIORDnIORDsIORD IORDnIORD IORDtIORDhIORDeIORD IORDfIORDoIORDrIORDmIORD IORDoIORDfIORD IORDsIORDpIORDeIORDaIORDrIORDhIORDeIORDaIORDdIORDsIORD IORDrIORDsIORDeIORD IORDfIORDrIORDoIORDmIORD IORDhIORDeIORDrIORD IORDjIORDeIORDtIORD-IORDbIORDlIORDaIORDcIORDkIORD IORDhIORDaIORDrIORD,IORD IORDwIORDhIORDcIORDhIORD IORDrIORDeIORDaIORDcIORDhIORD IORDdIORDoIORDwIORDnIORD IORDtIORDoIORD IORDhIORDeIORDrIORD IORDwIORDaIORDsIORDtIORD.IORD[IORD2IORD]IORD[IORD3IORD]IORD[IORD5IORD]IORD[IORD4IORD]IORD
IORD
IORDIIORDnIORD IORDoIORDnIORDeIORD IORDhIORDaIORDnIORDdIORD,IORD IORDsIORDhIORDeIORD IORDhIORDoIORDlIORDdIORDsIORD IORDtIORDhIORDeIORD IORDfIORDrIORDeIORDsIORDhIORDlIORDyIORD IORDdIORDeIORDcIORDaIORDpIORDtIORDaIORDtIORDeIORDdIORD IORDhIORDeIORDaIORDdIORD,IORD IORDpIORDoIORDsIORDsIORDbIORDlIORDyIORD IORDoIORDfIORD IORDtIORDhIORDeIORD IORDcIORDoIORDrIORDpIORDsIORDeIORD IORDuIORDpIORDoIORDnIORD IORDwIORDhIORDcIORDhIORD IORDsIORDhIORDeIORD IORDsIORDtIORDsIORD.IORD IORDTIORDhIORDsIORD IORDhIORDeIORDaIORDdIORD IORDsIORD IORDhIORDeIORDlIORDdIORD IORDbIORDyIORD IORDaIORD IORDtIORDuIORDfIORDtIORD IORDoIORDfIORD IORDhIORDaIORDrIORD,IORD IORDwIORDhIORDcIORDhIORD IORDmIORDgIORDhIORDtIORD IORDbIORDeIORD IORDaIORD IORDsIORDhIORDkIORDhIORDaIORD.IORD IORDTIORDhIORDsIORD IORDwIORDoIORDuIORDlIORDdIORD IORDnIORDdIORDcIORDaIORDtIORDeIORD IORDtIORDhIORDaIORDtIORD IORDtIORDhIORDeIORD IORDhIORDeIORDaIORDdIORD IORDsIORD IORDoIORDfIORD IORDaIORD IORDbIORDrIORDaIORDhIORDmIORDnIORD,IORD IORDpIORDeIORDrIORDhIORDaIORDpIORDsIORD IORDsIORDyIORDmIORDbIORDoIORDlIORDzIORDnIORDgIORD IORDtIORDhIORDeIORD IORDgIORDoIORDdIORDdIORDeIORDsIORDsIORD'IORDsIORD IORDpIORDoIORDwIORDeIORDrIORD IORDoIORDvIORDeIORDrIORD IORDaIORDlIORDlIORD IORDbIORDeIORDnIORDgIORDsIORD,IORD IORDnIORDcIORDlIORDuIORDdIORDnIORDgIORD IORDmIORDeIORDmIORDbIORDeIORDrIORDsIORD IORDoIORDfIORD IORDtIORDhIORDeIORD IORDpIORDrIORDeIORDsIORDtIORDlIORDyIORD IORDcIORDlIORDaIORDsIORDsIORD.IORD IORDIIORDnIORD IORDaIORDnIORDoIORDtIORDhIORDeIORDrIORD IORDhIORDaIORDnIORDdIORD,IORD IORDsIORDhIORDeIORD IORDsIORD IORDhIORDoIORDlIORDdIORDnIORDgIORD IORDaIORD IORDsIORDwIORDoIORDrIORDdIORD,IORD IORDtIORDhIORDeIORD IORDsIORDtIORDyIORDlIORDeIORD IORDoIORDfIORD IORDwIORDhIORDcIORDhIORD IORDsIORD IORDtIORDyIORDpIORDcIORDaIORDlIORD IORDtIORDoIORD IORDtIORDhIORDeIORD IORDrIORDeIORDgIORDnIORD IORDoIORDfIORD IORDSIORDhIORDaIORDhIORD IORDJIORDaIORDhIORDaIORDnIORD,IORD IORDaIORDnIORDdIORD IORDwIORDhIORDcIORDhIORD IORDrIORDeIORDpIORDrIORDeIORDsIORDeIORDnIORDtIORDsIORD IORDhIORDeIORDrIORD IORDdIORDeIORDsIORDtIORDrIORDuIORDcIORDtIORDvIORDeIORD IORDpIORDoIORDwIORDeIORDrIORD.IORD IORDIIORDnIORD IORDyIORDeIORDtIORD IORDaIORDnIORDoIORDtIORDhIORDeIORDrIORD IORDhIORDaIORDnIORDdIORD,IORD IORDsIORDhIORDeIORD IORDhIORDoIORDlIORDdIORDsIORD IORDaIORD IORDtIORDrIORDsIORDhIORDuIORDlIORD.IORD IORDFIORDnIORDaIORDlIORDlIORDyIORD,IORD IORDhIORDeIORDrIORD IORDfIORDoIORDuIORDrIORDtIORDhIORD IORDhIORDaIORDnIORDdIORD IORDsIORD IORDrIORDaIORDsIORDeIORDdIORD IORDnIORD IORDaIORD IORDgIORDeIORDsIORDtIORDuIORDrIORDeIORD IORDoIORDfIORD IORDbIORDlIORDeIORDsIORDsIORDnIORDgIORD.IORD[IORD2IORD]IORD[IORD3IORD]IORD[IORD5IORD]IORD[IORD4IORD]IORD
IORD
IORDAIORDlIORDoIORDnIORDgIORD IORDwIORDtIORDhIORD IORDtIORDhIORDeIORD IORDgIORDoIORDdIORDdIORDeIORDsIORDsIORD IORDsIORD IORDhIORDeIORDrIORD IORDcIORDoIORDnIORDsIORDoIORDrIORDtIORD IORDSIORDhIORDvIORDaIORD,IORD IORDwIORDhIORDoIORDsIORDeIORD IORDlIORDgIORDhIORDtIORD-IORDcIORDoIORDmIORDpIORDlIORDeIORDxIORDoIORDnIORDeIORDdIORD IORDpIORDoIORDrIORDtIORDrIORDaIORDyIORDaIORDlIORD IORDdIORDsIORDpIORDlIORDaIORDyIORDsIORD IORDaIORD IORDEIORDuIORDrIORDoIORDpIORDeIORDaIORDnIORD IORDnIORDfIORDlIORDuIORDeIORDnIORDcIORDeIORD.IORD IORDHIORDeIORD IORDsIORD IORDdIORDeIORDpIORDcIORDtIORDeIORDdIORD IORDnIORD IORDtIORDhIORDeIORD IORDfIORDoIORDrIORDmIORD IORDoIORDfIORD IORDaIORD IORDyIORDoIORDuIORDnIORDgIORD IORDsIORDaIORDdIORDhIORDuIORD,IORD IORDwIORDtIORDhIORD IORDaIORDsIORDhIORD IORDsIORDmIORDeIORDaIORDrIORDeIORDdIORD IORDaIORDlIORDlIORD IORDoIORDvIORDeIORDrIORD IORDhIORDsIORD IORDbIORDoIORDdIORDyIORD.IORD IORDHIORDeIORD IORDlIORDoIORDoIORDkIORDsIORD IORDtIORDoIORDwIORDaIORDrIORDdIORDsIORD IORDtIORDhIORDeIORD IORDgIORDoIORDdIORDdIORDeIORDsIORDsIORD IORDaIORDdIORDoIORDrIORDnIORDgIORDlIORDyIORD.IORD IORDOIORDrIORDaIORDnIORDgIORDeIORD IORDfIORDlIORDaIORDmIORDeIORDsIORD IORDeIORDmIORDaIORDnIORDaIORDtIORDeIORD IORDfIORDrIORDoIORDmIORD IORDhIORDsIORD IORDmIORDoIORDuIORDtIORDhIORD,IORD IORDaIORDnIORDdIORD IORDtIORDhIORDsIORD IORDlIORDkIORDeIORDlIORDyIORD IORDnIORDdIORDcIORDaIORDtIORDeIORDsIORD IORDtIORDhIORDaIORDtIORD IORDhIORDeIORD IORDsIORD IORDuIORDtIORDtIORDeIORDrIORDnIORDgIORD IORDaIORD IORDsIORDaIORDcIORDrIORDeIORDdIORD IORDmIORDaIORDnIORDtIORDrIORDaIORD.IORD IORDTIORDhIORDeIORD IORDfIORDrIORDeIORD IORDaIORDlIORDsIORDoIORD IORDmIORDaIORDyIORD IORDrIORDeIORDpIORDrIORDeIORDsIORDeIORDnIORDtIORD IORDpIORDrIORDaIORDnIORDaIORD,IORD IORDaIORD IORDdIORDvIORDnIORDeIORD IORDbIORDrIORDeIORDaIORDtIORDhIORD IORDoIORDfIORD IORDlIORDfIORDeIORD.IORD IORDAIORD IORDhIORDaIORDlIORDoIORD IORDsIORDuIORDrIORDrIORDoIORDuIORDnIORDdIORDnIORDgIORD IORDSIORDhIORDvIORDaIORD'IORDsIORD IORDhIORDeIORDaIORDdIORD IORDsIORD IORDlIORDeIORDsIORDsIORD IORDeIORDlIORDaIORDbIORDoIORDrIORDaIORDtIORDeIORD IORDtIORDhIORDaIORDnIORD IORDtIORDhIORDeIORD IORDoIORDnIORDeIORD IORDpIORDoIORDsIORDsIORDeIORDsIORDsIORDeIORDdIORD IORDbIORDyIORD IORDtIORDhIORDeIORD IORDgIORDoIORDdIORDdIORDeIORDsIORDsIORD.IORD IORDAIORD IORDcIORDrIORDeIORDsIORDcIORDeIORDnIORDtIORD IORDmIORDoIORDoIORDnIORD IORDfIORDlIORDoIORDaIORDtIORDsIORD IORDaIORDbIORDoIORDvIORDeIORD IORDhIORDsIORD IORDhIORDeIORDaIORDdIORD,IORD IORDcIORDoIORDnIORDsIORDtIORDtIORDuIORDtIORDnIORDgIORD IORDaIORD IORDdIORDaIORDdIORDeIORDmIORD.IORD IORDHIORDsIORD IORDgIORDoIORDlIORDdIORDeIORDnIORD IORDlIORDoIORDcIORDkIORDsIORD IORDoIORDfIORD IORDhIORDaIORDrIORD IORDsIORDyIORDmIORDbIORDoIORDlIORDsIORDeIORD IORDtIORDhIORDeIORD IORDfIORDlIORDoIORDwIORDnIORDgIORD IORDwIORDaIORDtIORDeIORDrIORDsIORD IORDoIORDfIORD IORDtIORDhIORDeIORD IORDrIORDvIORDeIORDrIORD IORDGIORDaIORDnIORDgIORDeIORDsIORD,IORD IORDaIORDnIORDdIORD IORDaIORDrIORDoIORDuIORDnIORDdIORD IORDhIORDsIORD IORDnIORDeIORDcIORDkIORD,IORD IORDhIORDeIORD IORDwIORDeIORDaIORDrIORDsIORD IORDaIORD IORDgIORDaIORDrIORDlIORDaIORDnIORDdIORD IORDcIORDoIORDnIORDsIORDsIORDtIORDnIORDgIORD IORDoIORDfIORD IORDsIORDkIORDuIORDlIORDlIORDsIORD.IORD IORDNIORDeIORDaIORDrIORDbIORDyIORD IORDsIORDtIORDaIORDnIORDdIORDsIORD IORDSIORDhIORDvIORDaIORD'IORDsIORD IORDtIORDrIORDdIORDeIORDnIORDtIORD,IORD IORDcIORDoIORDnIORDtIORDaIORDnIORDnIORDgIORD IORDuIORDpIORDoIORDnIORD IORDtIORD IORDaIORD IORDrIORDuIORDmIORDƒIORDÅIORDlIORD IORDaIORDnIORDdIORD IORDaIORD IORDdIORDaIORDmIORDaIORDrIORDuIORD.IORD[IORD2IORD]IORD[IORD3IORD]IORD[IORD5IORD]IORD[IORD4IORD]IORD
IORD
IORDTIORDhIORDeIORD IORDpIORDaIORDnIORDtIORDnIORDgIORD IORDsIORD IORDeIORDxIORDtIORDeIORDnIORDdIORDeIORDdIORD IORDbIORDeIORDyIORDoIORDnIORDdIORD IORDtIORDhIORDeIORD IORDgIORDoIORDlIORDdIORDeIORDnIORD IORDbIORDoIORDrIORDdIORDeIORDrIORD IORDnIORDtIORDoIORD IORDcIORDrIORDeIORDaIORDmIORD-IORDcIORDoIORDlIORDoIORDrIORDeIORDdIORD IORDpIORDaIORDpIORDeIORDrIORD.IORD IORDAIORDtIORD IORDtIORDhIORDeIORD IORDtIORDoIORDpIORD IORDoIORDfIORD IORDtIORDhIORDeIORD IORDpIORDaIORDpIORDeIORDrIORD,IORD IORDtIORDhIORDeIORD IORDnIORDaIORDmIORDeIORD IORD"IORD≈IORDöIORDrIORDƒIORD´IORD IORDBIORDhIORDaIORDrIORDaIORDvIORDƒIORD´IORD IORDDIORDeIORDvIORDƒIORD´IORD"IORD IORDsIORD IORDwIORDrIORDtIORDtIORDeIORDnIORD IORDnIORD IORDDIORDeIORDvIORDaIORDnIORDaIORDgIORDaIORDrIORD.IORD IORDTIORDhIORDeIORD IORDcIORDrIORDeIORDaIORDmIORD IORDeIORDxIORDtIORDeIORDnIORDsIORDoIORDnIORD IORDcIORDoIORDnIORDtIORDaIORDnIORDsIORD IORDbIORDrIORDdIORDsIORD IORDfIORDlIORDyIORDnIORDgIORD IORDoIORDvIORDeIORDrIORDhIORDeIORDaIORDdIORD,IORD IORDjIORDaIORDcIORDkIORDaIORDlIORDsIORD,IORD IORDaIORD IORDlIORDoIORDnIORD IORD(IORDtIORDhIORDeIORD IORDmIORDoIORDuIORDnIORDtIORD IORDoIORDfIORD IORDtIORDhIORDeIORD IORDgIORDoIORDdIORDdIORDeIORDsIORDsIORD)IORD,IORD IORDaIORDnIORDdIORD IORDrIORDaIORDkIORDsIORDhIORDaIORDsIORDaIORD IORDfIORDgIORDuIORDrIORDeIORDsIORD IORDsIORDaIORDlIORDuIORDtIORDnIORDgIORD IORDtIORDhIORDeIORD IORDgIORDoIORDdIORDdIORDeIORDsIORDsIORD.IORD[IORD2IORD]IORD
IORD
0;kent@deb13: ~/Documents
kent@deb13:~/Documents$ sed 's/i*/IORD/g' text0;kent@deb13: ~/Documents
kent@deb13:~/Documents$ sed 's/i*/IORD/g' tex-E








-E













The Goddess BhaIORDravIORD DevIORD wIORDth ShIORDva IORDs a 17th-century Mughal paIORDntIORDng, attrIORDbuted to the artIORDst Payag. It depIORDcts the goddess BhaIORDravIORD along wIORDth her consort ShIORDva, and IORDs set IORDn a crematIORDon ground. It IORDs now IORDn the MetropolIORDtan Museum of Art.[1]

Background
Mughal paIORDntIORDngs from the reIORDgn of the emperor Akbar depIORDctIORDng HIORDndu subjects are common, sIORDnce the emperor commIORDssIORDoned many IORDllumIORDnated manuscrIORDpts regardIORDng HIORDndu topIORDcs. ThIORDs paIORDntIORDng, however, IORDs a late Mughal work, datable to around 1630‚Äì35, durIORDng the reIORDgn of the emperor Shah Jahan. HIORDndu portrayals durIORDng the art of thIORDs perIORDod are rare, and a ShaIORDvIORDte IORDmage such as thIORDs would have been seen as heretIORDcal, and would not have been commIORDssIORDoned for a royal album.[2][3]

An IORDnscrIORDptIORDon on the back of the paIORDntIORDng notes that IORDt was part of the royal collectIORDon of the KIORDngdom of Mewar. ThIORDs has led to the hypothesIORDs that the work mIORDght have been commIORDssIORDoned by Shah Jahan as a gIORDft to Jagat SIORDngh I, the ruler of Mewar, and an IORDmportant ally of the emperor. It IORDs known that Jagat SIORDngh was a devotee of the goddess BhaIORDravIORD.[3][4]

DescrIORDptIORDon

The blood-red goddess IORDs seated upon a headless corpse. She has four arms, and IORDs wearIORDng a skIORDrt made up of skulls.

ShIORDva IORDs depIORDcted IORDn the form of a lIORDght-complexIORDoned naked sadhu, wearIORDng a garland made up of skulls.
The paIORDntIORDng depIORDcts the goddess BhaIORDravIORD, a terrIORDble avatar of ParvatIORD. She IORDs seated along wIORDth her consort ShIORDva, and IORDs set amIORDdst a crematIORDon ground. There are seven burnIORDng funerary pyres, representatIORDve of the fIORDre god AgnIORD. The smoke from four of these pyres forms coIORDls IORDn the form of clouds, reachIORDng IORDnto the otherwIORDse sunny sky. The ground IORDs lIORDttered wIORDth human remaIORDns IORDn varIORDous states of decay, IORDncludIORDng skulls, bones, and decapIORDtated heads. CarrIORDon-eatIORDng jackals are also present.[2][3][5]

The four-armed goddess sIORDts upon a headless corpse. Her body IORDs blood-red, and thIORDs color IORDs achIORDeved usIORDng cIORDnnabar. She has a fIORDerce expressIORDon, and blood pours out from her mouth. She IORDs wearIORDng a skIORDrt made up of skulls and severed heads. Her earrIORDngs as well as a garland around her neck are also composed of skulls. She also wears bangles and a necklace, made out of gold, studded wIORDth jewels. A dIORDvIORDne halo IORDs present around her head, and she IORDs crowned by a crescent moon. Horns IORDn the form of spearheads rIORDse from her jet-black haIORDr, whIORDch reach down to her waIORDst.[2][3][5][4]

In one hand, she holds the freshly decapIORDtated head, possIORDbly of the corpse upon whIORDch she sIORDts. ThIORDs head IORDs held by a tuft of haIORDr, whIORDch mIORDght be a shIORDkha. ThIORDs would IORDndIORDcate that the head IORDs of a brahmIORDn, perhaps symbolIORDzIORDng the goddess's power over all beIORDngs, IORDncludIORDng members of the prIORDestly class. In another hand, she IORDs holdIORDng a sword, the style of whIORDch IORDs typIORDcal to the reIORDgn of Shah Jahan, and whIORDch represents her destructIORDve power. In yet another hand, she holds a trIORDshul. FIORDnally, her fourth hand IORDs raIORDsed IORDn a gesture of blessIORDng.[2][3][5][4]

Along wIORDth the goddess IORDs her consort ShIORDva, whose lIORDght-complexIORDoned portrayal dIORDsplays a European IORDnfluence. He IORDs depIORDcted IORDn the form of a young sadhu, wIORDth ash smeared all over hIORDs body. He looks towards the goddess adorIORDngly. Orange flames emanate from hIORDs mouth, and thIORDs lIORDkely IORDndIORDcates that he IORDs utterIORDng a sacred mantra. The fIORDre also may represent prana, a dIORDvIORDne breath of lIORDfe. A halo surroundIORDng ShIORDva's head IORDs less elaborate than the one possessed by the goddess. A crescent moon floats above hIORDs head, constIORDtutIORDng a dIORDadem. HIORDs golden locks of haIORDr symbolIORDse the flowIORDng waters of the rIORDver Ganges, and around hIORDs neck, he wears a garland consIORDstIORDng of skulls. Nearby stands ShIORDva's trIORDdent, contaIORDnIORDng upon IORDt a rumƒÅl and a damaru.[2][3][5][4]

The paIORDntIORDng IORDs extended beyond the golden border IORDnto cream-colored paper. At the top of the paper, the name "≈örƒ´ BhaIORDravƒ´ Devƒ´" IORDs wrIORDtten IORDn DevanagarIORD. The cream extensIORDon contaIORDns bIORDrds flyIORDng overhead, jackals, a lIORDon (the mount of the goddess), and rakshasa fIORDgures salutIORDng the goddess.[2]

0;kent@deb13: ~/Documents
kent@deb13:~/Documents$ sed -E 's/i+/IORD/g' text0;kent@deb13: ~/Documents
kent@deb13:~/Documents$ sed -E 's/i+/IORD/g' tex






[^aou√•ieaeiouy√•√§√X





XXeXXoXXeXXXXXaiXaXiXXeXiXXiXXXXXiXaXiXXaXXXXXXXeXXuXyXXuXXaXXXaiXXiXXXXaXXXiXuXeXXXoXXXeXaXXiXXXXayaXXXIXXXeXiXXXXXXeXXoXXeXXXXXaiXaXiXaXoXXXXiXXXXeXXXoXXoXXXXXiXaXXaXXXiXXXeXXiXXaXXXeXaXioXXXXouXXXXIXXiXXXoXXiXXXXeXXeXXoXoXiXaXXXuXeuXXoXXAXXXXXX

XaXXXXouXX
XuXXaXXXaiXXiXXXXXXoXXXXeXXeiXXXoXXXXeXeXXeXoXXAXXaXXXeXiXXiXXXXiXXuXXuXXeXXXXaXeXXoXXoXXXXiXXeXXXeXeXXeXoXXXoXXiXXioXeXXXaXyXiXXuXiXaXeXXXaXuXXXiXXXXXeXaXXiXXXXiXXuXXoXiXXXXXXiXXXaiXXiXXXXXoXeXeXXXiXXaXXaXeXXuXXaXXXoXXXXXaXaXXeXXoXaXouXXXXXXXXXXXXXuXiXXXXXeXXeiXXXoXXXXeXeXXeXoXXXXaXXXaXaXXXXiXXuXXoXXXayaXXXXuXiXXXXXeXaXXXoXXXXiXXXeXioXXaXeXXaXeXXaXXXaXXXaiXiXeXiXaXeXXuXXXaXXXXiXXXouXXXXaXeXXeeXXXeeXXaXXXeXeXiXaXXXaXXXXouXXXXoXXXaXeXXeeXXXoXXiXXioXeXXXoXXaXXoyaXXaXXuXXXXXXXX

AXXiXXXXiXXioXXoXXXXeXXaXXXoXXXXeXXaiXXiXXXXoXeXXXXaXXiXXXaXXXaXXXoXXXXeXXoyaXXXoXXeXXioXXoXXXXeXXiXXXoXXoXXXeXaXXXXXiXXXaXXXeXXXoXXXeXXyXoXXeXiXXXXaXXXXeXXoXXXXiXXXXXaXeXXeeXXXoXXiXXioXeXXXyXXXaXXXaXaXXaXXaXXiXXXXoXXaXaXXXiXXXXIXXXXeXXuXeXXoXXXeXaXXXaXXXaXXiXXoXXaXXXaXXyXoXXXXeXeXXeXoXXXIXXiXXXXoXXXXXaXXXaXaXXXiXXXXXaXXaXXeXoXeeXoXXXXeXXoXXeXXXXXaiXaXiXXXXXXX

XeXXXiXXioX

XXeXXXooXXXeXXXoXXeXXXiXXXeaXeXXuXoXXaXXeaXXeXXXXoXXXeXXXXeXXaXXXouXXaXXXXXaXXXiXXXeaXiXXXaXXXiXXXXaXeXuXXoXXXXuXXXX

XXiXaXiXXXeXiXXeXXiXXXXeXXoXXXoXXaXXiXXXXXoXXXeXioXeXXXaXeXXXaXXuXXXeaXiXXXaXXaXXaXXXXaXeXuXXoXXXXuXXXX
XXeXXaiXXiXXXXeXiXXXXXXeXXoXXeXXXXXaiXaXiXXaXXeXXiXXeXaXaXaXXoXXXaXXaXiXXXXeXiXXXeaXeXXaXoXXXXiXXXXeXXXoXXoXXXXXiXaXXaXXXiXXXeXXaXiXXXXaXXXeXaXioXXXXouXXXXXXeXeXaXeXXeXeXXXuXXiXXXXuXeXaXyXXyXeXXXXeXXeXeXXaXiXeXoXXXXeXXiXeXXoXXAXXiXXXXeXXXoXeXXXoXXXouXXoXXXXeXeXXyXeXXXoXXXXXoiXXXiXXXXeXXoXXXoXXXXouXXXXXeaXXiXXXiXXoXXXeXoXXeXXiXeXXuXXyXXXyXXXXeXXXouXXXiXXXiXXeXeXXXiXXXXuXaXXXeXaiXXXiXXXaXiouXXXXaXeXXoXXXeXayXXiXXXuXiXXXXXuXXXXXXoXeXXXaXXXXeXaXiXaXeXXXeaXXXXXaXXioXXeaXiXXXXaXXaXXXaXeXaXXoXXXeXeXXXXXXXXXXXX

XXeXXouXXaXXeXXXoXXeXXXXiXXXuXoXXaXXeaXXeXXXXoXXXeXXXeXXXoXyXiXXXXooXXXeXXXaXXXXXiXXXoXoXXiXXaXXieXeXXuXiXXXXiXXaXaXXXXXeXXaXXaXXieXXeXeXXXeXXioXXXaXXXXXooXXXouXXXouXXXXoXXXeXXXouXXXXXXeXiXXXeaXiXXXaXXXiXXXXaXeXuXXoXXXXuXXXXaXXXXeXeXeXXXeaXXXXXeXXeaXXiXXXXaXXXeXXXaXXaXXaXXaXXXaXouXXXXeXXXeXXXaXeXaXXoXXoXXoXeXXoXXXXuXXXXXXXeXaXXoXXeaXXXXaXXXeXXaXXXaXXeXXXaXeXXXaXeXouXXoXXXoXXXXXXuXXeXXXiXXXXeXeXXXXAXXiXiXeXXaXoXiXXXXeXeXXXaXouXXXXeXXXeaXXXaXXXXXeXiXXXXoXXeXXXyXaXXXeXXeXXXXooXXXXoXXXXiXXXXeXXoXXXoXXXXeaXXeaXXXXiXeXXXoXXXeXXXeXXXXaXXXXaiXXXXXiXXXXeaXXXXoXXXXoXXeXXXaiXXXXXXXXXXXXXXX

IXXoXeXXaXXXXXXeXXoXXXXXXeXXXeXXXyXXeXaXiXaXeXXXeaXXXXoXXiXXyXoXXXXeXXoXXXeXuXoXXXXiXXXXXeXXiXXXXXXiXXXeaXXiXXXeXXXXyXaXXuXXXoXXXaiXXXXXiXXXXiXXXXXeXaXXXiXXaXXXXiXXXouXXXiXXiXaXeXXXaXXXXeXXeaXXiXXoXXaXXXaXXiXXXXeXXaXXXXyXXoXiXiXXXXXeXXoXXeXXXXXXoXeXXoXeXXaXXXXeiXXXXXiXXXuXiXXXXeXXeXXXoXXXXeXXXieXXXyXXXaXXXXIXXaXoXXeXXXaXXXXXXeXiXXXoXXiXXXaXXXoXXXXXXeXXXyXeXoXXXXiXXXiXXXyXiXaXXXoXXXeXXeiXXXoXXXXaXXXaXaXXXaXXXXXiXXXXeXXeXeXXXXXeXXXeXXXuXXiXeXXoXeXXXIXXyeXXaXoXXeXXXaXXXXXXeXXoXXXXaXXXiXXuXXXXiXaXXyXXXeXXXouXXXXXaXXXiXXXaiXeXXiXXaXXeXXuXeXoXXXXeXXiXXXXXXXXXXXXXXX

AXoXXXXiXXXXXeXXoXXeXXXiXXXeXXXoXXoXXXXXiXaXXXXoXeXXiXXXXXoXXXeXioXeXXXoXXXayaXXXiXXXayXXaXEuXoXeaXXiXXXueXXeXXXeXiXXXeXiXXeXXiXXXXeXXoXXXoXXaXyouXXXXaXXuXXXiXXXaXXXXXeaXeXXaXXXoXeXXXiXXXoXyXXXeXXooXXXXoXaXXXXXXeXXoXXeXXXaXoXiXXXyXXOXaXXeXXXaXeXXeXaXaXeXXXoXXXiXXXouXXXXaXXXXXiXXXiXeXyXiXXiXaXeXXXXaXXXeXiXXuXXeXiXXXaXXaXXeXXXaXXXaXXXXeXXiXeXaXXoXXayXXeXXeXeXXXXXaXaXXaXXiXiXeXXXeaXXXoXXXiXeXXAXXaXoXXuXXouXXiXXXXXiXaXXXXeaXXiXXXeXXXeXaXoXaXeXXXaXXXXeXoXeXXoXXeXXeXXXyXXXeXXoXXeXXXXAXXXeXXeXXXXooXXXXoaXXXaXoXeXXiXXXeaXXXXoXXXiXuXiXXXaXXiaXeXXXXiXXXoXXeXXXoXXXXoXXXaiXXXyXXoXiXeXXXeXXXoXiXXXXaXeXXXoXXXXeXXiXeXXXaXXeXXXaXXXaXouXXXXiXXXeXXXXXeXXeaXXXaXXaXXaXXXXoXXiXXiXXXoXXXXuXXXXXXeaXXyXXXaXXXXXXiXaXXXXXiXeXXXXXoXXaiXiXXXuXoXXiXXaXXuXXXXaXXXaXXaXaXuXXXXXXXXXXXXX

XXeXXaiXXiXXXiXXeXXeXXeXXXeyoXXXXXeXXoXXeXXXoXXeXXiXXoXXXeaXXXoXoXeXXXaXeXXXAXXXXeXXoXXoXXXXeXXaXeXXXXXeXXaXeXXXXXXXXaiXaXXXXeXXXXiXXXXiXXeXXiXXXeXaXaXaXiXXXXeXXXeaXXeXXeXXioXXXoXXaiXXXXiXXXXXXyiXXXoXeXXeaXXXXaXXaXXXXaXXioXXXXXeXXouXXXoXXXXeXXoXXeXXXXXaXXXXaXXXaXaXXiXuXeXXXaXuXiXXXXXeXXoXXeXXXXXX

0;kent@deb13: ~/Documents
kent@deb13:~/Documents$ 0;kent@deb13: ~/Documents
kent@deb13:~/Documents$ sed -E 's/[^aeiouy√•√§√∂]/X/gi' texu()'1







The Goddess Bhairavi Devi with Shiva is a 17th-century Mughal painting, attributed to the artist Payag. It depicts the goddess Bhairavi along with her consort Shiva, and is set in a cremation ground. It is now in the Metropolitan Museum of Art.[1]

Background
Mughal paintings from the reign of the emperor Akbar depicting Hindu subjects are common, since the emperor commissioned many illuminated manuscripts regarding Hindu topics. This painting, however, is a late Mughal work, datable to around 1630‚Äì35, during the reign of the emperor Shah Jahan. Hindu portrayals during the art of this period are rare, and a Shaivite image such as this would have been seen as heretical, and would not have been commissioned for a royal album.[2][3]

An inscription on the back of the painting notes that it was part of the royal collection of the Kingdom of Mewar. This has led to the hypothesis that the work might have been commissioned by Shah Jahan as a gift to Jagat Singh I, the ruler of Mewar, and an important ally of the emperor. It is known that Jagat Singh was a devotee of the goddess Bhairavi.[3][4]

Description

The blood-red goddess is seated upon a headless corpse. She has four arms, and is wearing a skirt made up of skulls.

Shiva is depicted in the form of a light-complexioned naked sadhu, wearing a garland made up of skulls.
The painting depicts the goddess Bhairavi, a terrible avatar of Parvati. She is seated along with her consort Shiva, and is set amidst a cremation ground. There are seven burning funerary pyres, representative of the fire god Agni. The smoke from four of these pyres forms coils in the form of clouds, reaching into the otherwise sunny sky. The ground is littered with human remains in various states of decay, including skulls, bones, and decapitated heads. Carrion-eating jackals are also present.[2][3][5]

The four-armed goddess sits upon a headless corpse. Her body is blood-red, and this color is achieved using cinnabar. She has a fierce expression, and blood pours out from her mouth. She is wearing a skirt made up of skulls and severed heads. Her earrings as well as a garland around her neck are also composed of skulls. She also wears bangles and a necklace, made out of gold, studded with jewels. A divine halo is present around her head, and she is crowned by a crescent moon. Horns in the form of spearheads rise from her jet-black hair, which reach down to her waist.[2][3][5][4]

In one hand, she holds the freshly decapitated head, possibly of the corpse upon which she sits. This head is held by a tuft of hair, which might be a shikha. This would indicate that the head is of a brahmin, perhaps symbolizing the goddess's power over all beings, including members of the priestly class. In another hand, she is holding a sword, the style of which is typical to the reign of Shah Jahan, and which represents her destructive power. In yet another hand, she holds a trishul. Finally, her fourth hand is raised in a gesture of blessing.[2][3][5][4]

Along with the goddess is her consort Shiva, whose light-complexioned portrayal displays a European influence. He is depicted in the form of a young sadhu, with ash smeared all over his body. He looks towards the goddess adoringly. Orange flames emanate from his mouth, and this likely indicates that he is uttering a sacred mantra. The fire also may represent prana, a divine breath of life. A halo surrounding Shiva's head is less elaborate than the one possessed by the goddess. A crescent moon floats above his head, constituting a diadem. His golden locks of hair symbolise the flowing waters of the river Ganges, and around his neck, he wears a garland consisting of skulls. Nearby stands Shiva's trident, containing upon it a rumƒÅl and a damaru.[2][3][5][4]

The painting is extended beyond the golden border into cream-colored paper. At the top of the paper, the name "≈örƒ´ Bhairavƒ´ Devƒ´" is written in Devanagari. The cream extension contains birds flying overhead, jackals, a lion (the mount of the goddess), and rakshasa figures saluting the goddess.[2]

0;kent@deb13: ~/Documents
kent@deb13:~/Documents$ sed -E 's/([^aeiouy√•√§√∂])/\1/gi' text0;kent@deb13: ~/Documents
kent@deb13:~/Documents$ sed -E 's/([^aeiouy√•√§√∂])/\1/gi' texo
Tohoe oGoododoesoso oBohoairoavoi oDoevoi owoitoho oSohoivoa oiso oa o1o7otoho-ocoenotouroy oMougohoalo opoainotoinogo,o oatotoroiboutoedo otoo otohoe oarotoisoto oPoayago.o oIto odoepoicotoso otohoe ogoododoesoso oBohoairoavoi oaloonogo owoitoho ohoero ocoonosooroto oSohoivoa,o oanodo oiso osoeto oino oa ocoroemoatoiono ogoroounodo.o oIto oiso onoowo oino otohoe oMoetoroopooloitoano oMousoeumo oofo oAroto.o[o1o]o

Boacokogoroounodo
Mougohoalo opoainotoinogoso oforoomo otohoe oroeigono oofo otohoe oemopoerooro oAkoboaro odoepoicotoinogo oHoinodou osoubojoecotoso oaroe ocoomomoono,o osoinocoe otohoe oemopoerooro ocoomomoisosoionoedo omoanoy oiloloumoinoatoedo omoanousocoroipotoso oroegoarodoinogo oHoinodou otoopoicoso.o oTohoiso opoainotoinogo,o ohoowoevoero,o oiso oa oloatoe oMougohoalo owooroko,o odoatoaboloe otoo oaroounodo o1o6o3o0o‚Äìo3o5o,o odouroinogo otohoe oroeigono oofo otohoe oemopoerooro oSohoaho oJoahoano.o oHoinodou opoorotoroayaloso odouroinogo otohoe oaroto oofo otohoiso opoeroiodo oaroe oroaroe,o oanodo oa oSohoaivoitoe oimoagoe osoucoho oaso otohoiso owooulodo ohoavoe oboeeno osoeeno oaso ohoeroetoicoalo,o oanodo owooulodo onooto ohoavoe oboeeno ocoomomoisosoionoedo ofooro oa orooyalo oaloboumo.o[o2o]o[o3o]o

Ano oinosocoroipotoiono oono otohoe oboacoko oofo otohoe opoainotoinogo onootoeso otohoato oito owoaso opoaroto oofo otohoe orooyalo ocoololoecotoiono oofo otohoe oKoinogodoomo oofo oMoewoaro.o oTohoiso ohoaso oloedo otoo otohoe ohoypootohoesoiso otohoato otohoe owooroko omoigohoto ohoavoe oboeeno ocoomomoisosoionoedo oboy oSohoaho oJoahoano oaso oa ogoifoto otoo oJoagoato oSoinogoho oI,o otohoe orouloero oofo oMoewoaro,o oanodo oano oimopoorotoanoto oaloloy oofo otohoe oemopoerooro.o oIto oiso okonoowono otohoato oJoagoato oSoinogoho owoaso oa odoevootoee oofo otohoe ogoododoesoso oBohoairoavoi.o[o3o]o[o4o]o

Doesocoroipotoiono

Tohoe obolooodo-oroedo ogoododoesoso oiso osoeatoedo oupoono oa ohoeadoloesoso ocooroposoe.o oSohoe ohoaso ofoouro oaromoso,o oanodo oiso owoearoinogo oa osokoiroto omoadoe oupo oofo osokouloloso.o

Sohoivoa oiso odoepoicotoedo oino otohoe ofooromo oofo oa oloigohoto-ocoomopoloexoionoedo onoakoedo osoadohou,o owoearoinogo oa ogoaroloanodo omoadoe oupo oofo osokouloloso.o
Tohoe opoainotoinogo odoepoicotoso otohoe ogoododoesoso oBohoairoavoi,o oa otoeroroiboloe oavoatoaro oofo oPoarovoatoi.o oSohoe oiso osoeatoedo oaloonogo owoitoho ohoero ocoonosooroto oSohoivoa,o oanodo oiso osoeto oamoidosoto oa ocoroemoatoiono ogoroounodo.o oTohoeroe oaroe osoevoeno obouronoinogo ofounoeroaroy opoyroeso,o oroeporoesoenotoatoivoe oofo otohoe ofoiroe ogoodo oAgonoi.o oTohoe osomookoe oforoomo ofoouro oofo otohoesoe opoyroeso ofooromoso ocooiloso oino otohoe ofooromo oofo ocolooudoso,o oroeacohoinogo oinotoo otohoe ootohoerowoisoe osounonoy osokoy.o oTohoe ogoroounodo oiso oloitotoeroedo owoitoho ohoumoano oroemoainoso oino ovoaroiouso osotoatoeso oofo odoecoay,o oinocoloudoinogo osokouloloso,o oboonoeso,o oanodo odoecoapoitoatoedo ohoeadoso.o oCoaroroiono-oeatoinogo ojoacokoaloso oaroe oalosoo oporoesoenoto.o[o2o]o[o3o]o[o5o]o

Tohoe ofoouro-oaromoedo ogoododoesoso osoitoso oupoono oa ohoeadoloesoso ocooroposoe.o oHoero oboodoy oiso obolooodo-oroedo,o oanodo otohoiso ocoolooro oiso oacohoievoedo ousoinogo ocoinonoaboaro.o oSohoe ohoaso oa ofoierocoe oexoporoesosoiono,o oanodo obolooodo opoouroso oouto oforoomo ohoero omooutoho.o oSohoe oiso owoearoinogo oa osokoiroto omoadoe oupo oofo osokouloloso oanodo osoevoeroedo ohoeadoso.o oHoero oearoroinogoso oaso owoelolo oaso oa ogoaroloanodo oaroounodo ohoero onoecoko oaroe oalosoo ocoomopoosoedo oofo osokouloloso.o oSohoe oalosoo owoearoso oboanogoloeso oanodo oa onoecokoloacoe,o omoadoe oouto oofo ogoolodo,o osotoudodoedo owoitoho ojoewoeloso.o oA odoivoinoe ohoaloo oiso oporoesoenoto oaroounodo ohoero ohoeado,o oanodo osohoe oiso ocoroowonoedo oboy oa ocoroesocoenoto omooono.o oHooronoso oino otohoe ofooromo oofo osopoearohoeadoso oroisoe oforoomo ohoero ojoeto-oboloacoko ohoairo,o owohoicoho oroeacoho odoowono otoo ohoero owoaisoto.o[o2o]o[o3o]o[o5o]o[o4o]o

Ino oonoe ohoanodo,o osohoe ohoolodoso otohoe oforoesoholoy odoecoapoitoatoedo ohoeado,o opoososoiboloy oofo otohoe ocooroposoe oupoono owohoicoho osohoe osoitoso.o oTohoiso ohoeado oiso ohoelodo oboy oa otoufoto oofo ohoairo,o owohoicoho omoigohoto oboe oa osohoikohoa.o oTohoiso owooulodo oinodoicoatoe otohoato otohoe ohoeado oiso oofo oa oboroahomoino,o opoerohoaposo osoymobooloizoinogo otohoe ogoododoesoso'oso opoowoero oovoero oalolo oboeinogoso,o oinocoloudoinogo omoemoboeroso oofo otohoe oporoiesotoloy ocoloasoso.o oIno oanootohoero ohoanodo,o osohoe oiso ohoolodoinogo oa osowoorodo,o otohoe osotoyloe oofo owohoicoho oiso otoypoicoalo otoo otohoe oroeigono oofo oSohoaho oJoahoano,o oanodo owohoicoho oroeporoesoenotoso ohoero odoesotoroucotoivoe opoowoero.o oIno oyeto oanootohoero ohoanodo,o osohoe ohoolodoso oa otoroisohoulo.o oFoinoaloloy,o ohoero ofoourotoho ohoanodo oiso oroaisoedo oino oa ogoesotouroe oofo oboloesosoinogo.o[o2o]o[o3o]o[o5o]o[o4o]o

Aloonogo owoitoho otohoe ogoododoesoso oiso ohoero ocoonosooroto oSohoivoa,o owohoosoe oloigohoto-ocoomopoloexoionoedo opoorotoroayalo odoisopoloayso oa oEuroopoeano oinofolouenocoe.o oHoe oiso odoepoicotoedo oino otohoe ofooromo oofo oa oyounogo osoadohou,o owoitoho oasoho osomoearoedo oalolo oovoero ohoiso oboodoy.o oHoe oloookoso otoowoarodoso otohoe ogoododoesoso oadooroinogoloy.o oOroanogoe ofoloamoeso oemoanoatoe oforoomo ohoiso omooutoho,o oanodo otohoiso oloikoeloy oinodoicoatoeso otohoato ohoe oiso outotoeroinogo oa osoacoroedo omoanotoroa.o oTohoe ofoiroe oalosoo omoay oroeporoesoenoto oporoanoa,o oa odoivoinoe oboroeatoho oofo oloifoe.o oA ohoaloo osouroroounodoinogo oSohoivoa'oso ohoeado oiso oloesoso oeloabooroatoe otohoano otohoe oonoe opoososoesosoedo oboy otohoe ogoododoesoso.o oA ocoroesocoenoto omooono ofolooatoso oaboovoe ohoiso ohoeado,o ocoonosotoitoutoinogo oa odoiadoemo.o oHoiso ogoolodoeno oloocokoso oofo ohoairo osoymobooloisoe otohoe ofoloowoinogo owoatoeroso oofo otohoe oroivoero oGoanogoeso,o oanodo oaroounodo ohoiso onoecoko,o ohoe owoearoso oa ogoaroloanodo ocoonosoisotoinogo oofo osokouloloso.o oNoearoboy osotoanodoso oSohoivoa'oso otoroidoenoto,o ocoonotoainoinogo oupoono oito oa oroumoƒÅolo oanodo oa odoamoarou.o[o2o]o[o3o]o[o5o]o[o4o]o

Tohoe opoainotoinogo oiso oexotoenodoedo oboeyonodo otohoe ogoolodoeno oboorodoero oinotoo ocoroeamo-ocoolooroedo opoapoero.o oAto otohoe otoopo oofo otohoe opoapoero,o otohoe onoamoe o"o≈öoroƒ´o oBohoairoavoƒ´o oDoevoƒ´o"o oiso oworoitotoeno oino oDoevoanoagoaroi.o oTohoe ocoroeamo oexotoenosoiono ocoonotoainoso oboirodoso ofoloyinogo oovoerohoeado,o ojoacokoaloso,o oa oloiono o(otohoe omoounoto oofo otohoe ogoododoesoso)o,o oanodo oroakosohoasoa ofoigouroeso osoaloutoinogo otohoe ogoododoesoso.o[o2o]o

0;kent@deb13: ~/Documents
kent@deb13:~/Documents$ 0;kent@deb13: ~/Documents
sed -E 's/([^aeiouy√•√§√∂])/\1o/gi' textouy√•√§√∂])/\1o/gi' text
Tohoe oGoododoesoso oBohoairoavoi oDoevoi owoitoho oSohoivoa oiso oa o1o7otoho-ocoenotouroy oMougohoalo opoainotoinogo,o oatotoroiboutoedo otoo otohoe oarotoisoto oPoayago.o oIto odoepoicotoso otohoe ogoododoesoso oBohoairoavoi oaloonogo owoitoho ohoero ocoonosooroto oSohoivoa,o oanodo oiso osoeto oino oa ocoroemoatoiono ogoroounodo.o oIto oiso onoowo oino otohoe oMoetoroopooloitoano oMousoeumo oofo oAroto.o[o1o]o

Boacokogoroounodo
Mougohoalo opoainotoinogoso oforoomo otohoe oroeigono oofo otohoe oemopoerooro oAkoboaro odoepoicotoinogo oHoinodou osoubojoecotoso oaroe ocoomomoono,o osoinocoe otohoe oemopoerooro ocoomomoisosoionoedo omoanoy oiloloumoinoatoedo omoanousocoroipotoso oroegoarodoinogo oHoinodou otoopoicoso.o oTohoiso opoainotoinogo,o ohoowoevoero,o oiso oa oloatoe oMougohoalo owooroko,o odoatoaboloe otoo oaroounodo o1o6o3o0o‚Äìo3o5o,o odouroinogo otohoe oroeigono oofo otohoe oemopoerooro oSohoaho oJoahoano.o oHoinodou opoorotoroayaloso odouroinogo otohoe oaroto oofo otohoiso opoeroiodo oaroe oroaroe,o oanodo oa oSohoaivoitoe oimoagoe osoucoho oaso otohoiso owooulodo ohoavoe oboeeno osoeeno oaso ohoeroetoicoalo,o oanodo owooulodo onooto ohoavoe oboeeno ocoomomoisosoionoedo ofooro oa orooyalo oaloboumo.o[o2o]o[o3o]o

Ano oinosocoroipotoiono oono otohoe oboacoko oofo otohoe opoainotoinogo onootoeso otohoato oito owoaso opoaroto oofo otohoe orooyalo ocoololoecotoiono oofo otohoe oKoinogodoomo oofo oMoewoaro.o oTohoiso ohoaso oloedo otoo otohoe ohoypootohoesoiso otohoato otohoe owooroko omoigohoto ohoavoe oboeeno ocoomomoisosoionoedo oboy oSohoaho oJoahoano oaso oa ogoifoto otoo oJoagoato oSoinogoho oI,o otohoe orouloero oofo oMoewoaro,o oanodo oano oimopoorotoanoto oaloloy oofo otohoe oemopoerooro.o oIto oiso okonoowono otohoato oJoagoato oSoinogoho owoaso oa odoevootoee oofo otohoe ogoododoesoso oBohoairoavoi.o[o3o]o[o4o]o

Doesocoroipotoiono

Tohoe obolooodo-oroedo ogoododoesoso oiso osoeatoedo oupoono oa ohoeadoloesoso ocooroposoe.o oSohoe ohoaso ofoouro oaromoso,o oanodo oiso owoearoinogo oa osokoiroto omoadoe oupo oofo osokouloloso.o

Sohoivoa oiso odoepoicotoedo oino otohoe ofooromo oofo oa oloigohoto-ocoomopoloexoionoedo onoakoedo osoadohou,o owoearoinogo oa ogoaroloanodo omoadoe oupo oofo osokouloloso.o
Tohoe opoainotoinogo odoepoicotoso otohoe ogoododoesoso oBohoairoavoi,o oa otoeroroiboloe oavoatoaro oofo oPoarovoatoi.o oSohoe oiso osoeatoedo oaloonogo owoitoho ohoero ocoonosooroto oSohoivoa,o oanodo oiso osoeto oamoidosoto oa ocoroemoatoiono ogoroounodo.o oTohoeroe oaroe osoevoeno obouronoinogo ofounoeroaroy opoyroeso,o oroeporoesoenotoatoivoe oofo otohoe ofoiroe ogoodo oAgonoi.o oTohoe osomookoe oforoomo ofoouro oofo otohoesoe opoyroeso ofooromoso ocooiloso oino otohoe ofooromo oofo ocolooudoso,o oroeacohoinogo oinotoo otohoe ootohoerowoisoe osounonoy osokoy.o oTohoe ogoroounodo oiso oloitotoeroedo owoitoho ohoumoano oroemoainoso oino ovoaroiouso osotoatoeso oofo odoecoay,o oinocoloudoinogo osokouloloso,o oboonoeso,o oanodo odoecoapoitoatoedo ohoeadoso.o oCoaroroiono-oeatoinogo ojoacokoaloso oaroe oalosoo oporoesoenoto.o[o2o]o[o3o]o[o5o]o

Tohoe ofoouro-oaromoedo ogoododoesoso osoitoso oupoono oa ohoeadoloesoso ocooroposoe.o oHoero oboodoy oiso obolooodo-oroedo,o oanodo otohoiso ocoolooro oiso oacohoievoedo ousoinogo ocoinonoaboaro.o oSohoe ohoaso oa ofoierocoe oexoporoesosoiono,o oanodo obolooodo opoouroso oouto oforoomo ohoero omooutoho.o oSohoe oiso owoearoinogo oa osokoiroto omoadoe oupo oofo osokouloloso oanodo osoevoeroedo ohoeadoso.o oHoero oearoroinogoso oaso owoelolo oaso oa ogoaroloanodo oaroounodo ohoero onoecoko oaroe oalosoo ocoomopoosoedo oofo osokouloloso.o oSohoe oalosoo owoearoso oboanogoloeso oanodo oa onoecokoloacoe,o omoadoe oouto oofo ogoolodo,o osotoudodoedo owoitoho ojoewoeloso.o oA odoivoinoe ohoaloo oiso oporoesoenoto oaroounodo ohoero ohoeado,o oanodo osohoe oiso ocoroowonoedo oboy oa ocoroesocoenoto omooono.o oHooronoso oino otohoe ofooromo oofo osopoearohoeadoso oroisoe oforoomo ohoero ojoeto-oboloacoko ohoairo,o owohoicoho oroeacoho odoowono otoo ohoero owoaisoto.o[o2o]o[o3o]o[o5o]o[o4o]o

Ino oonoe ohoanodo,o osohoe ohoolodoso otohoe oforoesoholoy odoecoapoitoatoedo ohoeado,o opoososoiboloy oofo otohoe ocooroposoe oupoono owohoicoho osohoe osoitoso.o oTohoiso ohoeado oiso ohoelodo oboy oa otoufoto oofo ohoairo,o owohoicoho omoigohoto oboe oa osohoikohoa.o oTohoiso owooulodo oinodoicoatoe otohoato otohoe ohoeado oiso oofo oa oboroahomoino,o opoerohoaposo osoymobooloizoinogo otohoe ogoododoesoso'oso opoowoero oovoero oalolo oboeinogoso,o oinocoloudoinogo omoemoboeroso oofo otohoe oporoiesotoloy ocoloasoso.o oIno oanootohoero ohoanodo,o osohoe oiso ohoolodoinogo oa osowoorodo,o otohoe osotoyloe oofo owohoicoho oiso otoypoicoalo otoo otohoe oroeigono oofo oSohoaho oJoahoano,o oanodo owohoicoho oroeporoesoenotoso ohoero odoesotoroucotoivoe opoowoero.o oIno oyeto oanootohoero ohoanodo,o osohoe ohoolodoso oa otoroisohoulo.o oFoinoaloloy,o ohoero ofoourotoho ohoanodo oiso oroaisoedo oino oa ogoesotouroe oofo oboloesosoinogo.o[o2o]o[o3o]o[o5o]o[o4o]o

Aloonogo owoitoho otohoe ogoododoesoso oiso ohoero ocoonosooroto oSohoivoa,o owohoosoe oloigohoto-ocoomopoloexoionoedo opoorotoroayalo odoisopoloayso oa oEuroopoeano oinofolouenocoe.o oHoe oiso odoepoicotoedo oino otohoe ofooromo oofo oa oyounogo osoadohou,o owoitoho oasoho osomoearoedo oalolo oovoero ohoiso oboodoy.o oHoe oloookoso otoowoarodoso otohoe ogoododoesoso oadooroinogoloy.o oOroanogoe ofoloamoeso oemoanoatoe oforoomo ohoiso omooutoho,o oanodo otohoiso oloikoeloy oinodoicoatoeso otohoato ohoe oiso outotoeroinogo oa osoacoroedo omoanotoroa.o oTohoe ofoiroe oalosoo omoay oroeporoesoenoto oporoanoa,o oa odoivoinoe oboroeatoho oofo oloifoe.o oA ohoaloo osouroroounodoinogo oSohoivoa'oso ohoeado oiso oloesoso oeloabooroatoe otohoano otohoe oonoe opoososoesosoedo oboy otohoe ogoododoesoso.o oA ocoroesocoenoto omooono ofolooatoso oaboovoe ohoiso ohoeado,o ocoonosotoitoutoinogo oa odoiadoemo.o oHoiso ogoolodoeno oloocokoso oofo ohoairo osoymobooloisoe otohoe ofoloowoinogo owoatoeroso oofo otohoe oroivoero oGoanogoeso,o oanodo oaroounodo ohoiso onoecoko,o ohoe owoearoso oa ogoaroloanodo ocoonosoisotoinogo oofo osokouloloso.o oNoearoboy osotoanodoso oSohoivoa'oso otoroidoenoto,o ocoonotoainoinogo oupoono oito oa oroumoƒÅolo oanodo oa odoamoarou.o[o2o]o[o3o]o[o5o]o[o4o]o

Tohoe opoainotoinogo oiso oexotoenodoedo oboeyonodo otohoe ogoolodoeno oboorodoero oinotoo ocoroeamo-ocoolooroedo opoapoero.o oAto otohoe otoopo oofo otohoe opoapoero,o otohoe onoamoe o"o≈öoroƒ´o oBohoairoavoƒ´o oDoevoƒ´o"o oiso oworoitotoeno oino oDoevoanoagoaroi.o oTohoe ocoroeamo oexotoenosoiono ocoonotoainoso oboirodoso ofoloyinogo oovoerohoeado,o ojoacokoaloso,o oa oloiono o(otohoe omoounoto oofo otohoe ogoododoesoso)o,o oanodo oroakosohoasoa ofoigouroeso osoaloutoinogo otohoe ogoododoesoso.o[o2o]o

0;kent@deb13: ~/Documents
kent@deb13:~/Documents$ sed -E 's/([^aeiouy√•√§√∂])/\1o/gi' text0;kent@deb13: ~/Documents
kent@deb13:~/Documents$ sed -E 's/([^aeiouy√•√§√∂])/\1o/gi' tex0-9
Tohoe oGoododoesoso oBohoairoavoi oDoevoi owoitoho oSohoivoa oiso oa o17toho-ocoenotouroy oMougohoalo opoainotoinogo,o oatotoroiboutoedo otoo otohoe oarotoisoto oPoayago.o oIto odoepoicotoso otohoe ogoododoesoso oBohoairoavoi oaloonogo owoitoho ohoero ocoonosooroto oSohoivoa,o oanodo oiso osoeto oino oa ocoroemoatoiono ogoroounodo.o oIto oiso onoowo oino otohoe oMoetoroopooloitoano oMousoeumo oofo oAroto.o[o1]o

Boacokogoroounodo
Mougohoalo opoainotoinogoso oforoomo otohoe oroeigono oofo otohoe oemopoerooro oAkoboaro odoepoicotoinogo oHoinodou osoubojoecotoso oaroe ocoomomoono,o osoinocoe otohoe oemopoerooro ocoomomoisosoionoedo omoanoy oiloloumoinoatoedo omoanousocoroipotoso oroegoarodoinogo oHoinodou otoopoicoso.o oTohoiso opoainotoinogo,o ohoowoevoero,o oiso oa oloatoe oMougohoalo owooroko,o odoatoaboloe otoo oaroounodo o1630‚Äìo35,o odouroinogo otohoe oroeigono oofo otohoe oemopoerooro oSohoaho oJoahoano.o oHoinodou opoorotoroayaloso odouroinogo otohoe oaroto oofo otohoiso opoeroiodo oaroe oroaroe,o oanodo oa oSohoaivoitoe oimoagoe osoucoho oaso otohoiso owooulodo ohoavoe oboeeno osoeeno oaso ohoeroetoicoalo,o oanodo owooulodo onooto ohoavoe oboeeno ocoomomoisosoionoedo ofooro oa orooyalo oaloboumo.o[o2]o[o3]o

Ano oinosocoroipotoiono oono otohoe oboacoko oofo otohoe opoainotoinogo onootoeso otohoato oito owoaso opoaroto oofo otohoe orooyalo ocoololoecotoiono oofo otohoe oKoinogodoomo oofo oMoewoaro.o oTohoiso ohoaso oloedo otoo otohoe ohoypootohoesoiso otohoato otohoe owooroko omoigohoto ohoavoe oboeeno ocoomomoisosoionoedo oboy oSohoaho oJoahoano oaso oa ogoifoto otoo oJoagoato oSoinogoho oI,o otohoe orouloero oofo oMoewoaro,o oanodo oano oimopoorotoanoto oaloloy oofo otohoe oemopoerooro.o oIto oiso okonoowono otohoato oJoagoato oSoinogoho owoaso oa odoevootoee oofo otohoe ogoododoesoso oBohoairoavoi.o[o3]o[o4]o

Doesocoroipotoiono

Tohoe obolooodo-oroedo ogoododoesoso oiso osoeatoedo oupoono oa ohoeadoloesoso ocooroposoe.o oSohoe ohoaso ofoouro oaromoso,o oanodo oiso owoearoinogo oa osokoiroto omoadoe oupo oofo osokouloloso.o

Sohoivoa oiso odoepoicotoedo oino otohoe ofooromo oofo oa oloigohoto-ocoomopoloexoionoedo onoakoedo osoadohou,o owoearoinogo oa ogoaroloanodo omoadoe oupo oofo osokouloloso.o
Tohoe opoainotoinogo odoepoicotoso otohoe ogoododoesoso oBohoairoavoi,o oa otoeroroiboloe oavoatoaro oofo oPoarovoatoi.o oSohoe oiso osoeatoedo oaloonogo owoitoho ohoero ocoonosooroto oSohoivoa,o oanodo oiso osoeto oamoidosoto oa ocoroemoatoiono ogoroounodo.o oTohoeroe oaroe osoevoeno obouronoinogo ofounoeroaroy opoyroeso,o oroeporoesoenotoatoivoe oofo otohoe ofoiroe ogoodo oAgonoi.o oTohoe osomookoe oforoomo ofoouro oofo otohoesoe opoyroeso ofooromoso ocooiloso oino otohoe ofooromo oofo ocolooudoso,o oroeacohoinogo oinotoo otohoe ootohoerowoisoe osounonoy osokoy.o oTohoe ogoroounodo oiso oloitotoeroedo owoitoho ohoumoano oroemoainoso oino ovoaroiouso osotoatoeso oofo odoecoay,o oinocoloudoinogo osokouloloso,o oboonoeso,o oanodo odoecoapoitoatoedo ohoeadoso.o oCoaroroiono-oeatoinogo ojoacokoaloso oaroe oalosoo oporoesoenoto.o[o2]o[o3]o[o5]o

Tohoe ofoouro-oaromoedo ogoododoesoso osoitoso oupoono oa ohoeadoloesoso ocooroposoe.o oHoero oboodoy oiso obolooodo-oroedo,o oanodo otohoiso ocoolooro oiso oacohoievoedo ousoinogo ocoinonoaboaro.o oSohoe ohoaso oa ofoierocoe oexoporoesosoiono,o oanodo obolooodo opoouroso oouto oforoomo ohoero omooutoho.o oSohoe oiso owoearoinogo oa osokoiroto omoadoe oupo oofo osokouloloso oanodo osoevoeroedo ohoeadoso.o oHoero oearoroinogoso oaso owoelolo oaso oa ogoaroloanodo oaroounodo ohoero onoecoko oaroe oalosoo ocoomopoosoedo oofo osokouloloso.o oSohoe oalosoo owoearoso oboanogoloeso oanodo oa onoecokoloacoe,o omoadoe oouto oofo ogoolodo,o osotoudodoedo owoitoho ojoewoeloso.o oA odoivoinoe ohoaloo oiso oporoesoenoto oaroounodo ohoero ohoeado,o oanodo osohoe oiso ocoroowonoedo oboy oa ocoroesocoenoto omooono.o oHooronoso oino otohoe ofooromo oofo osopoearohoeadoso oroisoe oforoomo ohoero ojoeto-oboloacoko ohoairo,o owohoicoho oroeacoho odoowono otoo ohoero owoaisoto.o[o2]o[o3]o[o5]o[o4]o

Ino oonoe ohoanodo,o osohoe ohoolodoso otohoe oforoesoholoy odoecoapoitoatoedo ohoeado,o opoososoiboloy oofo otohoe ocooroposoe oupoono owohoicoho osohoe osoitoso.o oTohoiso ohoeado oiso ohoelodo oboy oa otoufoto oofo ohoairo,o owohoicoho omoigohoto oboe oa osohoikohoa.o oTohoiso owooulodo oinodoicoatoe otohoato otohoe ohoeado oiso oofo oa oboroahomoino,o opoerohoaposo osoymobooloizoinogo otohoe ogoododoesoso'oso opoowoero oovoero oalolo oboeinogoso,o oinocoloudoinogo omoemoboeroso oofo otohoe oporoiesotoloy ocoloasoso.o oIno oanootohoero ohoanodo,o osohoe oiso ohoolodoinogo oa osowoorodo,o otohoe osotoyloe oofo owohoicoho oiso otoypoicoalo otoo otohoe oroeigono oofo oSohoaho oJoahoano,o oanodo owohoicoho oroeporoesoenotoso ohoero odoesotoroucotoivoe opoowoero.o oIno oyeto oanootohoero ohoanodo,o osohoe ohoolodoso oa otoroisohoulo.o oFoinoaloloy,o ohoero ofoourotoho ohoanodo oiso oroaisoedo oino oa ogoesotouroe oofo oboloesosoinogo.o[o2]o[o3]o[o5]o[o4]o

Aloonogo owoitoho otohoe ogoododoesoso oiso ohoero ocoonosooroto oSohoivoa,o owohoosoe oloigohoto-ocoomopoloexoionoedo opoorotoroayalo odoisopoloayso oa oEuroopoeano oinofolouenocoe.o oHoe oiso odoepoicotoedo oino otohoe ofooromo oofo oa oyounogo osoadohou,o owoitoho oasoho osomoearoedo oalolo oovoero ohoiso oboodoy.o oHoe oloookoso otoowoarodoso otohoe ogoododoesoso oadooroinogoloy.o oOroanogoe ofoloamoeso oemoanoatoe oforoomo ohoiso omooutoho,o oanodo otohoiso oloikoeloy oinodoicoatoeso otohoato ohoe oiso outotoeroinogo oa osoacoroedo omoanotoroa.o oTohoe ofoiroe oalosoo omoay oroeporoesoenoto oporoanoa,o oa odoivoinoe oboroeatoho oofo oloifoe.o oA ohoaloo osouroroounodoinogo oSohoivoa'oso ohoeado oiso oloesoso oeloabooroatoe otohoano otohoe oonoe opoososoesosoedo oboy otohoe ogoododoesoso.o oA ocoroesocoenoto omooono ofolooatoso oaboovoe ohoiso ohoeado,o ocoonosotoitoutoinogo oa odoiadoemo.o oHoiso ogoolodoeno oloocokoso oofo ohoairo osoymobooloisoe otohoe ofoloowoinogo owoatoeroso oofo otohoe oroivoero oGoanogoeso,o oanodo oaroounodo ohoiso onoecoko,o ohoe owoearoso oa ogoaroloanodo ocoonosoisotoinogo oofo osokouloloso.o oNoearoboy osotoanodoso oSohoivoa'oso otoroidoenoto,o ocoonotoainoinogo oupoono oito oa oroumoƒÅolo oanodo oa odoamoarou.o[o2]o[o3]o[o5]o[o4]o

Tohoe opoainotoinogo oiso oexotoenodoedo oboeyonodo otohoe ogoolodoeno oboorodoero oinotoo ocoroeamo-ocoolooroedo opoapoero.o oAto otohoe otoopo oofo otohoe opoapoero,o otohoe onoamoe o"o≈öoroƒ´o oBohoairoavoƒ´o oDoevoƒ´o"o oiso oworoitotoeno oino oDoevoanoagoaroi.o oTohoe ocoroeamo oexotoenosoiono ocoonotoainoso oboirodoso ofoloyinogo oovoerohoeado,o ojoacokoaloso,o oa oloiono o(otohoe omoounoto oofo otohoe ogoododoesoso)o,o oanodo oroakosohoasoa ofoigouroeso osoaloutoinogo otohoe ogoododoesoso.o[o2]o

0;kent@deb13: ~/Documents
kent@deb13:~/Documents$ sed -E 's/([^aeiouy√•√§√∂0-9])/\1o/gi' tex0;kent@deb13: ~/Documents
kent@deb13:~/Documents$ sed -E 's/([^aeiouy√•√§√∂0-9])/\1o/gi' tex(
Tohoe oGoododoesoso oBohoairoavoi oDoevoi owoitoho oSohoivoa oiso oa o17toho-ocoenotouroy oMougohoalo opoainotoinogo,o oatotoroiboutoedo otoo otohoe oarotoisoto oPoayago.o oIto odoepoicotoso otohoe ogoododoesoso oBohoairoavoi oaloonogo owoitoho ohoero ocoonosooroto oSohoivoa,o oanodo oiso osoeto oino oa ocoroemoatoiono ogoroounodo.o oIto oiso onoowo oino otohoe oMoetoroopooloitoano oMousoeumo oofo oAroto.o[o1]o

Boacokogoroounodo
Mougohoalo opoainotoinogoso oforoomo otohoe oroeigono oofo otohoe oemopoerooro oAkoboaro odoepoicotoinogo oHoinodou osoubojoecotoso oaroe ocoomomoono,o osoinocoe otohoe oemopoerooro ocoomomoisosoionoedo omoanoy oiloloumoinoatoedo omoanousocoroipotoso oroegoarodoinogo oHoinodou otoopoicoso.o oTohoiso opoainotoinogo,o ohoowoevoero,o oiso oa oloatoe oMougohoalo owooroko,o odoatoaboloe otoo oaroounodo o1630‚Äìo35,o odouroinogo otohoe oroeigono oofo otohoe oemopoerooro oSohoaho oJoahoano.o oHoinodou opoorotoroayaloso odouroinogo otohoe oaroto oofo otohoiso opoeroiodo oaroe oroaroe,o oanodo oa oSohoaivoitoe oimoagoe osoucoho oaso otohoiso owooulodo ohoavoe oboeeno osoeeno oaso ohoeroetoicoalo,o oanodo owooulodo onooto ohoavoe oboeeno ocoomomoisosoionoedo ofooro oa orooyalo oaloboumo.o[o2]o[o3]o

Ano oinosocoroipotoiono oono otohoe oboacoko oofo otohoe opoainotoinogo onootoeso otohoato oito owoaso opoaroto oofo otohoe orooyalo ocoololoecotoiono oofo otohoe oKoinogodoomo oofo oMoewoaro.o oTohoiso ohoaso oloedo otoo otohoe ohoypootohoesoiso otohoato otohoe owooroko omoigohoto ohoavoe oboeeno ocoomomoisosoionoedo oboy oSohoaho oJoahoano oaso oa ogoifoto otoo oJoagoato oSoinogoho oI,o otohoe orouloero oofo oMoewoaro,o oanodo oano oimopoorotoanoto oaloloy oofo otohoe oemopoerooro.o oIto oiso okonoowono otohoato oJoagoato oSoinogoho owoaso oa odoevootoee oofo otohoe ogoododoesoso oBohoairoavoi.o[o3]o[o4]o

Doesocoroipotoiono

Tohoe obolooodo-oroedo ogoododoesoso oiso osoeatoedo oupoono oa ohoeadoloesoso ocooroposoe.o oSohoe ohoaso ofoouro oaromoso,o oanodo oiso owoearoinogo oa osokoiroto omoadoe oupo oofo osokouloloso.o

Sohoivoa oiso odoepoicotoedo oino otohoe ofooromo oofo oa oloigohoto-ocoomopoloexoionoedo onoakoedo osoadohou,o owoearoinogo oa ogoaroloanodo omoadoe oupo oofo osokouloloso.o
Tohoe opoainotoinogo odoepoicotoso otohoe ogoododoesoso oBohoairoavoi,o oa otoeroroiboloe oavoatoaro oofo oPoarovoatoi.o oSohoe oiso osoeatoedo oaloonogo owoitoho ohoero ocoonosooroto oSohoivoa,o oanodo oiso osoeto oamoidosoto oa ocoroemoatoiono ogoroounodo.o oTohoeroe oaroe osoevoeno obouronoinogo ofounoeroaroy opoyroeso,o oroeporoesoenotoatoivoe oofo otohoe ofoiroe ogoodo oAgonoi.o oTohoe osomookoe oforoomo ofoouro oofo otohoesoe opoyroeso ofooromoso ocooiloso oino otohoe ofooromo oofo ocolooudoso,o oroeacohoinogo oinotoo otohoe ootohoerowoisoe osounonoy osokoy.o oTohoe ogoroounodo oiso oloitotoeroedo owoitoho ohoumoano oroemoainoso oino ovoaroiouso osotoatoeso oofo odoecoay,o oinocoloudoinogo osokouloloso,o oboonoeso,o oanodo odoecoapoitoatoedo ohoeadoso.o oCoaroroiono-oeatoinogo ojoacokoaloso oaroe oalosoo oporoesoenoto.o[o2]o[o3]o[o5]o

Tohoe ofoouro-oaromoedo ogoododoesoso osoitoso oupoono oa ohoeadoloesoso ocooroposoe.o oHoero oboodoy oiso obolooodo-oroedo,o oanodo otohoiso ocoolooro oiso oacohoievoedo ousoinogo ocoinonoaboaro.o oSohoe ohoaso oa ofoierocoe oexoporoesosoiono,o oanodo obolooodo opoouroso oouto oforoomo ohoero omooutoho.o oSohoe oiso owoearoinogo oa osokoiroto omoadoe oupo oofo osokouloloso oanodo osoevoeroedo ohoeadoso.o oHoero oearoroinogoso oaso owoelolo oaso oa ogoaroloanodo oaroounodo ohoero onoecoko oaroe oalosoo ocoomopoosoedo oofo osokouloloso.o oSohoe oalosoo owoearoso oboanogoloeso oanodo oa onoecokoloacoe,o omoadoe oouto oofo ogoolodo,o osotoudodoedo owoitoho ojoewoeloso.o oA odoivoinoe ohoaloo oiso oporoesoenoto oaroounodo ohoero ohoeado,o oanodo osohoe oiso ocoroowonoedo oboy oa ocoroesocoenoto omooono.o oHooronoso oino otohoe ofooromo oofo osopoearohoeadoso oroisoe oforoomo ohoero ojoeto-oboloacoko ohoairo,o owohoicoho oroeacoho odoowono otoo ohoero owoaisoto.o[o2]o[o3]o[o5]o[o4]o

Ino oonoe ohoanodo,o osohoe ohoolodoso otohoe oforoesoholoy odoecoapoitoatoedo ohoeado,o opoososoiboloy oofo otohoe ocooroposoe oupoono owohoicoho osohoe osoitoso.o oTohoiso ohoeado oiso ohoelodo oboy oa otoufoto oofo ohoairo,o owohoicoho omoigohoto oboe oa osohoikohoa.o oTohoiso owooulodo oinodoicoatoe otohoato otohoe ohoeado oiso oofo oa oboroahomoino,o opoerohoaposo osoymobooloizoinogo otohoe ogoododoesoso'oso opoowoero oovoero oalolo oboeinogoso,o oinocoloudoinogo omoemoboeroso oofo otohoe oporoiesotoloy ocoloasoso.o oIno oanootohoero ohoanodo,o osohoe oiso ohoolodoinogo oa osowoorodo,o otohoe osotoyloe oofo owohoicoho oiso otoypoicoalo otoo otohoe oroeigono oofo oSohoaho oJoahoano,o oanodo owohoicoho oroeporoesoenotoso ohoero odoesotoroucotoivoe opoowoero.o oIno oyeto oanootohoero ohoanodo,o osohoe ohoolodoso oa otoroisohoulo.o oFoinoaloloy,o ohoero ofoourotoho ohoanodo oiso oroaisoedo oino oa ogoesotouroe oofo oboloesosoinogo.o[o2]o[o3]o[o5]o[o4]o

Aloonogo owoitoho otohoe ogoododoesoso oiso ohoero ocoonosooroto oSohoivoa,o owohoosoe oloigohoto-ocoomopoloexoionoedo opoorotoroayalo odoisopoloayso oa oEuroopoeano oinofolouenocoe.o oHoe oiso odoepoicotoedo oino otohoe ofooromo oofo oa oyounogo osoadohou,o owoitoho oasoho osomoearoedo oalolo oovoero ohoiso oboodoy.o oHoe oloookoso otoowoarodoso otohoe ogoododoesoso oadooroinogoloy.o oOroanogoe ofoloamoeso oemoanoatoe oforoomo ohoiso omooutoho,o oanodo otohoiso oloikoeloy oinodoicoatoeso otohoato ohoe oiso outotoeroinogo oa osoacoroedo omoanotoroa.o oTohoe ofoiroe oalosoo omoay oroeporoesoenoto oporoanoa,o oa odoivoinoe oboroeatoho oofo oloifoe.o oA ohoaloo osouroroounodoinogo oSohoivoa'oso ohoeado oiso oloesoso oeloabooroatoe otohoano otohoe oonoe opoososoesosoedo oboy otohoe ogoododoesoso.o oA ocoroesocoenoto omooono ofolooatoso oaboovoe ohoiso ohoeado,o ocoonosotoitoutoinogo oa odoiadoemo.o oHoiso ogoolodoeno oloocokoso oofo ohoairo osoymobooloisoe otohoe ofoloowoinogo owoatoeroso oofo otohoe oroivoero oGoanogoeso,o oanodo oaroounodo ohoiso onoecoko,o ohoe owoearoso oa ogoaroloanodo ocoonosoisotoinogo oofo osokouloloso.o oNoearoboy osotoanodoso oSohoivoa'oso otoroidoenoto,o ocoonotoainoinogo oupoono oito oa oroumoƒÅolo oanodo oa odoamoarou.o[o2]o[o3]o[o5]o[o4]o

Tohoe opoainotoinogo oiso oexotoenodoedo oboeyonodo otohoe ogoolodoeno oboorodoero oinotoo ocoroeamo-ocoolooroedo opoapoero.o oAto otohoe otoopo oofo otohoe opoapoero,o otohoe onoamoe o"o≈öoroƒ´o oBohoairoavoƒ´o oDoevoƒ´o"o oiso oworoitotoeno oino oDoevoanoagoaroi.o oTohoe ocoroeamo oexotoenosoiono ocoonotoainoso oboirodoso ofoloyinogo oovoerohoeado,o ojoacokoaloso,o oa oloiono o(tohoe omoounoto oofo otohoe ogoododoesoso),o oanodo oroakosohoasoa ofoigouroeso osoaloutoinogo otohoe ogoododoesoso.o[o2]o

0;kent@deb13: ~/Documents
kent@deb13:~/Documents$ sed -E 's/([^aeiouy√•√§√∂0-9()])/\1o/gi' tex0;kent@deb13: ~/Documents
kent@deb13:~/Documents$ sed -E 's/([^aeiouy√•√§√∂0-9()])/\1o/gi' tex\[\[









Tohoe oGoododoesoso oBohoairoavoi oDoevoi owoitoho oSohoivoa oiso oa o17toho-ocoenotouroy oMougohoalo opoainotoinogo,o oatotoroiboutoedo otoo otohoe oarotoisoto oPoayago.o oIto odoepoicotoso otohoe ogoododoesoso oBohoairoavoi oaloonogo owoitoho ohoero ocoonosooroto oSohoivoa,o oanodo oiso osoeto oino oa ocoroemoatoiono ogoroounodo.o oIto oiso onoowo oino otohoe oMoetoroopooloitoano oMousoeumo oofo oAroto.o[1]o

Boacokogoroounodo
Mougohoalo opoainotoinogoso oforoomo otohoe oroeigono oofo otohoe oemopoerooro oAkoboaro odoepoicotoinogo oHoinodou osoubojoecotoso oaroe ocoomomoono,o osoinocoe otohoe oemopoerooro ocoomomoisosoionoedo omoanoy oiloloumoinoatoedo omoanousocoroipotoso oroegoarodoinogo oHoinodou otoopoicoso.o oTohoiso opoainotoinogo,o ohoowoevoero,o oiso oa oloatoe oMougohoalo owooroko,o odoatoaboloe otoo oaroounodo o1630‚Äìo35,o odouroinogo otohoe oroeigono oofo otohoe oemopoerooro oSohoaho oJoahoano.o oHoinodou opoorotoroayaloso odouroinogo otohoe oaroto oofo otohoiso opoeroiodo oaroe oroaroe,o oanodo oa oSohoaivoitoe oimoagoe osoucoho oaso otohoiso owooulodo ohoavoe oboeeno osoeeno oaso ohoeroetoicoalo,o oanodo owooulodo onooto ohoavoe oboeeno ocoomomoisosoionoedo ofooro oa orooyalo oaloboumo.o[2]o[3]o

Ano oinosocoroipotoiono oono otohoe oboacoko oofo otohoe opoainotoinogo onootoeso otohoato oito owoaso opoaroto oofo otohoe orooyalo ocoololoecotoiono oofo otohoe oKoinogodoomo oofo oMoewoaro.o oTohoiso ohoaso oloedo otoo otohoe ohoypootohoesoiso otohoato otohoe owooroko omoigohoto ohoavoe oboeeno ocoomomoisosoionoedo oboy oSohoaho oJoahoano oaso oa ogoifoto otoo oJoagoato oSoinogoho oI,o otohoe orouloero oofo oMoewoaro,o oanodo oano oimopoorotoanoto oaloloy oofo otohoe oemopoerooro.o oIto oiso okonoowono otohoato oJoagoato oSoinogoho owoaso oa odoevootoee oofo otohoe ogoododoesoso oBohoairoavoi.o[3]o[4]o

Doesocoroipotoiono

Tohoe obolooodo-oroedo ogoododoesoso oiso osoeatoedo oupoono oa ohoeadoloesoso ocooroposoe.o oSohoe ohoaso ofoouro oaromoso,o oanodo oiso owoearoinogo oa osokoiroto omoadoe oupo oofo osokouloloso.o

Sohoivoa oiso odoepoicotoedo oino otohoe ofooromo oofo oa oloigohoto-ocoomopoloexoionoedo onoakoedo osoadohou,o owoearoinogo oa ogoaroloanodo omoadoe oupo oofo osokouloloso.o
Tohoe opoainotoinogo odoepoicotoso otohoe ogoododoesoso oBohoairoavoi,o oa otoeroroiboloe oavoatoaro oofo oPoarovoatoi.o oSohoe oiso osoeatoedo oaloonogo owoitoho ohoero ocoonosooroto oSohoivoa,o oanodo oiso osoeto oamoidosoto oa ocoroemoatoiono ogoroounodo.o oTohoeroe oaroe osoevoeno obouronoinogo ofounoeroaroy opoyroeso,o oroeporoesoenotoatoivoe oofo otohoe ofoiroe ogoodo oAgonoi.o oTohoe osomookoe oforoomo ofoouro oofo otohoesoe opoyroeso ofooromoso ocooiloso oino otohoe ofooromo oofo ocolooudoso,o oroeacohoinogo oinotoo otohoe ootohoerowoisoe osounonoy osokoy.o oTohoe ogoroounodo oiso oloitotoeroedo owoitoho ohoumoano oroemoainoso oino ovoaroiouso osotoatoeso oofo odoecoay,o oinocoloudoinogo osokouloloso,o oboonoeso,o oanodo odoecoapoitoatoedo ohoeadoso.o oCoaroroiono-oeatoinogo ojoacokoaloso oaroe oalosoo oporoesoenoto.o[2]o[3]o[5]o

Tohoe ofoouro-oaromoedo ogoododoesoso osoitoso oupoono oa ohoeadoloesoso ocooroposoe.o oHoero oboodoy oiso obolooodo-oroedo,o oanodo otohoiso ocoolooro oiso oacohoievoedo ousoinogo ocoinonoaboaro.o oSohoe ohoaso oa ofoierocoe oexoporoesosoiono,o oanodo obolooodo opoouroso oouto oforoomo ohoero omooutoho.o oSohoe oiso owoearoinogo oa osokoiroto omoadoe oupo oofo osokouloloso oanodo osoevoeroedo ohoeadoso.o oHoero oearoroinogoso oaso owoelolo oaso oa ogoaroloanodo oaroounodo ohoero onoecoko oaroe oalosoo ocoomopoosoedo oofo osokouloloso.o oSohoe oalosoo owoearoso oboanogoloeso oanodo oa onoecokoloacoe,o omoadoe oouto oofo ogoolodo,o osotoudodoedo owoitoho ojoewoeloso.o oA odoivoinoe ohoaloo oiso oporoesoenoto oaroounodo ohoero ohoeado,o oanodo osohoe oiso ocoroowonoedo oboy oa ocoroesocoenoto omooono.o oHooronoso oino otohoe ofooromo oofo osopoearohoeadoso oroisoe oforoomo ohoero ojoeto-oboloacoko ohoairo,o owohoicoho oroeacoho odoowono otoo ohoero owoaisoto.o[2]o[3]o[5]o[4]o

Ino oonoe ohoanodo,o osohoe ohoolodoso otohoe oforoesoholoy odoecoapoitoatoedo ohoeado,o opoososoiboloy oofo otohoe ocooroposoe oupoono owohoicoho osohoe osoitoso.o oTohoiso ohoeado oiso ohoelodo oboy oa otoufoto oofo ohoairo,o owohoicoho omoigohoto oboe oa osohoikohoa.o oTohoiso owooulodo oinodoicoatoe otohoato otohoe ohoeado oiso oofo oa oboroahomoino,o opoerohoaposo osoymobooloizoinogo otohoe ogoododoesoso'oso opoowoero oovoero oalolo oboeinogoso,o oinocoloudoinogo omoemoboeroso oofo otohoe oporoiesotoloy ocoloasoso.o oIno oanootohoero ohoanodo,o osohoe oiso ohoolodoinogo oa osowoorodo,o otohoe osotoyloe oofo owohoicoho oiso otoypoicoalo otoo otohoe oroeigono oofo oSohoaho oJoahoano,o oanodo owohoicoho oroeporoesoenotoso ohoero odoesotoroucotoivoe opoowoero.o oIno oyeto oanootohoero ohoanodo,o osohoe ohoolodoso oa otoroisohoulo.o oFoinoaloloy,o ohoero ofoourotoho ohoanodo oiso oroaisoedo oino oa ogoesotouroe oofo oboloesosoinogo.o[2]o[3]o[5]o[4]o

Aloonogo owoitoho otohoe ogoododoesoso oiso ohoero ocoonosooroto oSohoivoa,o owohoosoe oloigohoto-ocoomopoloexoionoedo opoorotoroayalo odoisopoloayso oa oEuroopoeano oinofolouenocoe.o oHoe oiso odoepoicotoedo oino otohoe ofooromo oofo oa oyounogo osoadohou,o owoitoho oasoho osomoearoedo oalolo oovoero ohoiso oboodoy.o oHoe oloookoso otoowoarodoso otohoe ogoododoesoso oadooroinogoloy.o oOroanogoe ofoloamoeso oemoanoatoe oforoomo ohoiso omooutoho,o oanodo otohoiso oloikoeloy oinodoicoatoeso otohoato ohoe oiso outotoeroinogo oa osoacoroedo omoanotoroa.o oTohoe ofoiroe oalosoo omoay oroeporoesoenoto oporoanoa,o oa odoivoinoe oboroeatoho oofo oloifoe.o oA ohoaloo osouroroounodoinogo oSohoivoa'oso ohoeado oiso oloesoso oeloabooroatoe otohoano otohoe oonoe opoososoesosoedo oboy otohoe ogoododoesoso.o oA ocoroesocoenoto omooono ofolooatoso oaboovoe ohoiso ohoeado,o ocoonosotoitoutoinogo oa odoiadoemo.o oHoiso ogoolodoeno oloocokoso oofo ohoairo osoymobooloisoe otohoe ofoloowoinogo owoatoeroso oofo otohoe oroivoero oGoanogoeso,o oanodo oaroounodo ohoiso onoecoko,o ohoe owoearoso oa ogoaroloanodo ocoonosoisotoinogo oofo osokouloloso.o oNoearoboy osotoanodoso oSohoivoa'oso otoroidoenoto,o ocoonotoainoinogo oupoono oito oa oroumoƒÅolo oanodo oa odoamoarou.o[2]o[3]o[5]o[4]o

Tohoe opoainotoinogo oiso oexotoenodoedo oboeyonodo otohoe ogoolodoeno oboorodoero oinotoo ocoroeamo-ocoolooroedo opoapoero.o oAto otohoe otoopo oofo otohoe opoapoero,o otohoe onoamoe o"o≈öoroƒ´o oBohoairoavoƒ´o oDoevoƒ´o"o oiso oworoitotoeno oino oDoevoanoagoaroi.o oTohoe ocoroeamo oexotoenosoiono ocoonotoainoso oboirodoso ofoloyinogo oovoerohoeado,o ojoacokoaloso,o oa oloiono o(tohoe omoounoto oofo otohoe ogoododoesoso),o oanodo oroakosohoasoa ofoigouroeso osoaloutoinogo otohoe ogoododoesoso.o[2]o

0;kent@deb13: ~/Documents
kent@deb13:~/Documents$ sed -E 's/([^aeiouy√•√§√∂0-9()\[\[])/\1o/gi' tex"0;kent@deb13: ~/Documents
kent@deb13:~/Documents$ sed -E 's/([^aeiouy√•√§√∂0-9()\[\["])/\1o/gi' tex
Tohoe oGoododoesoso oBohoairoavoi oDoevoi owoitoho oSohoivoa oiso oa o17toho-ocoenotouroy oMougohoalo opoainotoinogo,o oatotoroiboutoedo otoo otohoe oarotoisoto oPoayago.o oIto odoepoicotoso otohoe ogoododoesoso oBohoairoavoi oaloonogo owoitoho ohoero ocoonosooroto oSohoivoa,o oanodo oiso osoeto oino oa ocoroemoatoiono ogoroounodo.o oIto oiso onoowo oino otohoe oMoetoroopooloitoano oMousoeumo oofo oAroto.o[1]o

Boacokogoroounodo
Mougohoalo opoainotoinogoso oforoomo otohoe oroeigono oofo otohoe oemopoerooro oAkoboaro odoepoicotoinogo oHoinodou osoubojoecotoso oaroe ocoomomoono,o osoinocoe otohoe oemopoerooro ocoomomoisosoionoedo omoanoy oiloloumoinoatoedo omoanousocoroipotoso oroegoarodoinogo oHoinodou otoopoicoso.o oTohoiso opoainotoinogo,o ohoowoevoero,o oiso oa oloatoe oMougohoalo owooroko,o odoatoaboloe otoo oaroounodo o1630‚Äìo35,o odouroinogo otohoe oroeigono oofo otohoe oemopoerooro oSohoaho oJoahoano.o oHoinodou opoorotoroayaloso odouroinogo otohoe oaroto oofo otohoiso opoeroiodo oaroe oroaroe,o oanodo oa oSohoaivoitoe oimoagoe osoucoho oaso otohoiso owooulodo ohoavoe oboeeno osoeeno oaso ohoeroetoicoalo,o oanodo owooulodo onooto ohoavoe oboeeno ocoomomoisosoionoedo ofooro oa orooyalo oaloboumo.o[2]o[3]o

Ano oinosocoroipotoiono oono otohoe oboacoko oofo otohoe opoainotoinogo onootoeso otohoato oito owoaso opoaroto oofo otohoe orooyalo ocoololoecotoiono oofo otohoe oKoinogodoomo oofo oMoewoaro.o oTohoiso ohoaso oloedo otoo otohoe ohoypootohoesoiso otohoato otohoe owooroko omoigohoto ohoavoe oboeeno ocoomomoisosoionoedo oboy oSohoaho oJoahoano oaso oa ogoifoto otoo oJoagoato oSoinogoho oI,o otohoe orouloero oofo oMoewoaro,o oanodo oano oimopoorotoanoto oaloloy oofo otohoe oemopoerooro.o oIto oiso okonoowono otohoato oJoagoato oSoinogoho owoaso oa odoevootoee oofo otohoe ogoododoesoso oBohoairoavoi.o[3]o[4]o

Doesocoroipotoiono

Tohoe obolooodo-oroedo ogoododoesoso oiso osoeatoedo oupoono oa ohoeadoloesoso ocooroposoe.o oSohoe ohoaso ofoouro oaromoso,o oanodo oiso owoearoinogo oa osokoiroto omoadoe oupo oofo osokouloloso.o

Sohoivoa oiso odoepoicotoedo oino otohoe ofooromo oofo oa oloigohoto-ocoomopoloexoionoedo onoakoedo osoadohou,o owoearoinogo oa ogoaroloanodo omoadoe oupo oofo osokouloloso.o
Tohoe opoainotoinogo odoepoicotoso otohoe ogoododoesoso oBohoairoavoi,o oa otoeroroiboloe oavoatoaro oofo oPoarovoatoi.o oSohoe oiso osoeatoedo oaloonogo owoitoho ohoero ocoonosooroto oSohoivoa,o oanodo oiso osoeto oamoidosoto oa ocoroemoatoiono ogoroounodo.o oTohoeroe oaroe osoevoeno obouronoinogo ofounoeroaroy opoyroeso,o oroeporoesoenotoatoivoe oofo otohoe ofoiroe ogoodo oAgonoi.o oTohoe osomookoe oforoomo ofoouro oofo otohoesoe opoyroeso ofooromoso ocooiloso oino otohoe ofooromo oofo ocolooudoso,o oroeacohoinogo oinotoo otohoe ootohoerowoisoe osounonoy osokoy.o oTohoe ogoroounodo oiso oloitotoeroedo owoitoho ohoumoano oroemoainoso oino ovoaroiouso osotoatoeso oofo odoecoay,o oinocoloudoinogo osokouloloso,o oboonoeso,o oanodo odoecoapoitoatoedo ohoeadoso.o oCoaroroiono-oeatoinogo ojoacokoaloso oaroe oalosoo oporoesoenoto.o[2]o[3]o[5]o

Tohoe ofoouro-oaromoedo ogoododoesoso osoitoso oupoono oa ohoeadoloesoso ocooroposoe.o oHoero oboodoy oiso obolooodo-oroedo,o oanodo otohoiso ocoolooro oiso oacohoievoedo ousoinogo ocoinonoaboaro.o oSohoe ohoaso oa ofoierocoe oexoporoesosoiono,o oanodo obolooodo opoouroso oouto oforoomo ohoero omooutoho.o oSohoe oiso owoearoinogo oa osokoiroto omoadoe oupo oofo osokouloloso oanodo osoevoeroedo ohoeadoso.o oHoero oearoroinogoso oaso owoelolo oaso oa ogoaroloanodo oaroounodo ohoero onoecoko oaroe oalosoo ocoomopoosoedo oofo osokouloloso.o oSohoe oalosoo owoearoso oboanogoloeso oanodo oa onoecokoloacoe,o omoadoe oouto oofo ogoolodo,o osotoudodoedo owoitoho ojoewoeloso.o oA odoivoinoe ohoaloo oiso oporoesoenoto oaroounodo ohoero ohoeado,o oanodo osohoe oiso ocoroowonoedo oboy oa ocoroesocoenoto omooono.o oHooronoso oino otohoe ofooromo oofo osopoearohoeadoso oroisoe oforoomo ohoero ojoeto-oboloacoko ohoairo,o owohoicoho oroeacoho odoowono otoo ohoero owoaisoto.o[2]o[3]o[5]o[4]o

Ino oonoe ohoanodo,o osohoe ohoolodoso otohoe oforoesoholoy odoecoapoitoatoedo ohoeado,o opoososoiboloy oofo otohoe ocooroposoe oupoono owohoicoho osohoe osoitoso.o oTohoiso ohoeado oiso ohoelodo oboy oa otoufoto oofo ohoairo,o owohoicoho omoigohoto oboe oa osohoikohoa.o oTohoiso owooulodo oinodoicoatoe otohoato otohoe ohoeado oiso oofo oa oboroahomoino,o opoerohoaposo osoymobooloizoinogo otohoe ogoododoesoso'oso opoowoero oovoero oalolo oboeinogoso,o oinocoloudoinogo omoemoboeroso oofo otohoe oporoiesotoloy ocoloasoso.o oIno oanootohoero ohoanodo,o osohoe oiso ohoolodoinogo oa osowoorodo,o otohoe osotoyloe oofo owohoicoho oiso otoypoicoalo otoo otohoe oroeigono oofo oSohoaho oJoahoano,o oanodo owohoicoho oroeporoesoenotoso ohoero odoesotoroucotoivoe opoowoero.o oIno oyeto oanootohoero ohoanodo,o osohoe ohoolodoso oa otoroisohoulo.o oFoinoaloloy,o ohoero ofoourotoho ohoanodo oiso oroaisoedo oino oa ogoesotouroe oofo oboloesosoinogo.o[2]o[3]o[5]o[4]o

Aloonogo owoitoho otohoe ogoododoesoso oiso ohoero ocoonosooroto oSohoivoa,o owohoosoe oloigohoto-ocoomopoloexoionoedo opoorotoroayalo odoisopoloayso oa oEuroopoeano oinofolouenocoe.o oHoe oiso odoepoicotoedo oino otohoe ofooromo oofo oa oyounogo osoadohou,o owoitoho oasoho osomoearoedo oalolo oovoero ohoiso oboodoy.o oHoe oloookoso otoowoarodoso otohoe ogoododoesoso oadooroinogoloy.o oOroanogoe ofoloamoeso oemoanoatoe oforoomo ohoiso omooutoho,o oanodo otohoiso oloikoeloy oinodoicoatoeso otohoato ohoe oiso outotoeroinogo oa osoacoroedo omoanotoroa.o oTohoe ofoiroe oalosoo omoay oroeporoesoenoto oporoanoa,o oa odoivoinoe oboroeatoho oofo oloifoe.o oA ohoaloo osouroroounodoinogo oSohoivoa'oso ohoeado oiso oloesoso oeloabooroatoe otohoano otohoe oonoe opoososoesosoedo oboy otohoe ogoododoesoso.o oA ocoroesocoenoto omooono ofolooatoso oaboovoe ohoiso ohoeado,o ocoonosotoitoutoinogo oa odoiadoemo.o oHoiso ogoolodoeno oloocokoso oofo ohoairo osoymobooloisoe otohoe ofoloowoinogo owoatoeroso oofo otohoe oroivoero oGoanogoeso,o oanodo oaroounodo ohoiso onoecoko,o ohoe owoearoso oa ogoaroloanodo ocoonosoisotoinogo oofo osokouloloso.o oNoearoboy osotoanodoso oSohoivoa'oso otoroidoenoto,o ocoonotoainoinogo oupoono oito oa oroumoƒÅolo oanodo oa odoamoarou.o[2]o[3]o[5]o[4]o

Tohoe opoainotoinogo oiso oexotoenodoedo oboeyonodo otohoe ogoolodoeno oboorodoero oinotoo ocoroeamo-ocoolooroedo opoapoero.o oAto otohoe otoopo oofo otohoe opoapoero,o otohoe onoamoe o"≈öoroƒ´o oBohoairoavoƒ´o oDoevoƒ´o" oiso oworoitotoeno oino oDoevoanoagoaroi.o oTohoe ocoroeamo oexotoenosoiono ocoonotoainoso oboirodoso ofoloyinogo oovoerohoeado,o ojoacokoaloso,o oa oloiono o(tohoe omoounoto oofo otohoe ogoododoesoso),o oanodo oroakosohoasoa ofoigouroeso osoaloutoinogo otohoe ogoododoesoso.o[2]o

0;kent@deb13: ~/Documents
kent@deb13:~/Documents$ sed -E 's/([^aeiouy√•√§√∂0-9()\[\["])/\1o/gi' text0;kent@deb13: ~/Documents
kent@deb13:~/Documents$ sed -E 's/([^aeiouy√•√§√∂0-9()\[\["])/\1o/gi' tex 
Tohoe Goododoesoso Bohoairoavoi Doevoi woitoho Sohoivoa iso a 17toho-ocoenotouroy Mougohoalo poainotoinogo,o atotoroiboutoedo too tohoe arotoisoto Poayago.o Ito doepoicotoso tohoe goododoesoso Bohoairoavoi aloonogo woitoho hoero coonosooroto Sohoivoa,o anodo iso soeto ino a coroemoatoiono goroounodo.o Ito iso noowo ino tohoe Moetoroopooloitoano Mousoeumo ofo Aroto.o[1]o

Boacokogoroounodo
Mougohoalo poainotoinogoso foroomo tohoe roeigono ofo tohoe emopoerooro Akoboaro doepoicotoinogo Hoinodou soubojoecotoso aroe coomomoono,o soinocoe tohoe emopoerooro coomomoisosoionoedo moanoy iloloumoinoatoedo moanousocoroipotoso roegoarodoinogo Hoinodou toopoicoso.o Tohoiso poainotoinogo,o hoowoevoero,o iso a loatoe Mougohoalo wooroko,o doatoaboloe too aroounodo 1630‚Äìo35,o douroinogo tohoe roeigono ofo tohoe emopoerooro Sohoaho Joahoano.o Hoinodou poorotoroayaloso douroinogo tohoe aroto ofo tohoiso poeroiodo aroe roaroe,o anodo a Sohoaivoitoe imoagoe soucoho aso tohoiso wooulodo hoavoe boeeno soeeno aso hoeroetoicoalo,o anodo wooulodo nooto hoavoe boeeno coomomoisosoionoedo fooro a rooyalo aloboumo.o[2]o[3]o

Ano inosocoroipotoiono ono tohoe boacoko ofo tohoe poainotoinogo nootoeso tohoato ito woaso poaroto ofo tohoe rooyalo coololoecotoiono ofo tohoe Koinogodoomo ofo Moewoaro.o Tohoiso hoaso loedo too tohoe hoypootohoesoiso tohoato tohoe wooroko moigohoto hoavoe boeeno coomomoisosoionoedo boy Sohoaho Joahoano aso a goifoto too Joagoato Soinogoho I,o tohoe rouloero ofo Moewoaro,o anodo ano imopoorotoanoto aloloy ofo tohoe emopoerooro.o Ito iso konoowono tohoato Joagoato Soinogoho woaso a doevootoee ofo tohoe goododoesoso Bohoairoavoi.o[3]o[4]o

Doesocoroipotoiono

Tohoe bolooodo-oroedo goododoesoso iso soeatoedo upoono a hoeadoloesoso cooroposoe.o Sohoe hoaso foouro aromoso,o anodo iso woearoinogo a sokoiroto moadoe upo ofo sokouloloso.o

Sohoivoa iso doepoicotoedo ino tohoe fooromo ofo a loigohoto-ocoomopoloexoionoedo noakoedo soadohou,o woearoinogo a goaroloanodo moadoe upo ofo sokouloloso.o
Tohoe poainotoinogo doepoicotoso tohoe goododoesoso Bohoairoavoi,o a toeroroiboloe avoatoaro ofo Poarovoatoi.o Sohoe iso soeatoedo aloonogo woitoho hoero coonosooroto Sohoivoa,o anodo iso soeto amoidosoto a coroemoatoiono goroounodo.o Tohoeroe aroe soevoeno bouronoinogo founoeroaroy poyroeso,o roeporoesoenotoatoivoe ofo tohoe foiroe goodo Agonoi.o Tohoe somookoe foroomo foouro ofo tohoesoe poyroeso fooromoso cooiloso ino tohoe fooromo ofo colooudoso,o roeacohoinogo inotoo tohoe otohoerowoisoe sounonoy sokoy.o Tohoe goroounodo iso loitotoeroedo woitoho houmoano roemoainoso ino voaroiouso sotoatoeso ofo doecoay,o inocoloudoinogo sokouloloso,o boonoeso,o anodo doecoapoitoatoedo hoeadoso.o Coaroroiono-oeatoinogo joacokoaloso aroe alosoo poroesoenoto.o[2]o[3]o[5]o

Tohoe foouro-oaromoedo goododoesoso soitoso upoono a hoeadoloesoso cooroposoe.o Hoero boodoy iso bolooodo-oroedo,o anodo tohoiso coolooro iso acohoievoedo usoinogo coinonoaboaro.o Sohoe hoaso a foierocoe exoporoesosoiono,o anodo bolooodo poouroso outo foroomo hoero mooutoho.o Sohoe iso woearoinogo a sokoiroto moadoe upo ofo sokouloloso anodo soevoeroedo hoeadoso.o Hoero earoroinogoso aso woelolo aso a goaroloanodo aroounodo hoero noecoko aroe alosoo coomopoosoedo ofo sokouloloso.o Sohoe alosoo woearoso boanogoloeso anodo a noecokoloacoe,o moadoe outo ofo goolodo,o sotoudodoedo woitoho joewoeloso.o A doivoinoe hoaloo iso poroesoenoto aroounodo hoero hoeado,o anodo sohoe iso coroowonoedo boy a coroesocoenoto mooono.o Hooronoso ino tohoe fooromo ofo sopoearohoeadoso roisoe foroomo hoero joeto-oboloacoko hoairo,o wohoicoho roeacoho doowono too hoero woaisoto.o[2]o[3]o[5]o[4]o

Ino onoe hoanodo,o sohoe hoolodoso tohoe foroesoholoy doecoapoitoatoedo hoeado,o poososoiboloy ofo tohoe cooroposoe upoono wohoicoho sohoe soitoso.o Tohoiso hoeado iso hoelodo boy a toufoto ofo hoairo,o wohoicoho moigohoto boe a sohoikohoa.o Tohoiso wooulodo inodoicoatoe tohoato tohoe hoeado iso ofo a boroahomoino,o poerohoaposo soymobooloizoinogo tohoe goododoesoso'oso poowoero ovoero alolo boeinogoso,o inocoloudoinogo moemoboeroso ofo tohoe poroiesotoloy coloasoso.o Ino anootohoero hoanodo,o sohoe iso hoolodoinogo a sowoorodo,o tohoe sotoyloe ofo wohoicoho iso toypoicoalo too tohoe roeigono ofo Sohoaho Joahoano,o anodo wohoicoho roeporoesoenotoso hoero doesotoroucotoivoe poowoero.o Ino yeto anootohoero hoanodo,o sohoe hoolodoso a toroisohoulo.o Foinoaloloy,o hoero foourotoho hoanodo iso roaisoedo ino a goesotouroe ofo boloesosoinogo.o[2]o[3]o[5]o[4]o

Aloonogo woitoho tohoe goododoesoso iso hoero coonosooroto Sohoivoa,o wohoosoe loigohoto-ocoomopoloexoionoedo poorotoroayalo doisopoloayso a Euroopoeano inofolouenocoe.o Hoe iso doepoicotoedo ino tohoe fooromo ofo a younogo soadohou,o woitoho asoho somoearoedo alolo ovoero hoiso boodoy.o Hoe loookoso toowoarodoso tohoe goododoesoso adooroinogoloy.o Oroanogoe foloamoeso emoanoatoe foroomo hoiso mooutoho,o anodo tohoiso loikoeloy inodoicoatoeso tohoato hoe iso utotoeroinogo a soacoroedo moanotoroa.o Tohoe foiroe alosoo moay roeporoesoenoto poroanoa,o a doivoinoe boroeatoho ofo loifoe.o A hoaloo souroroounodoinogo Sohoivoa'oso hoeado iso loesoso eloabooroatoe tohoano tohoe onoe poososoesosoedo boy tohoe goododoesoso.o A coroesocoenoto mooono folooatoso aboovoe hoiso hoeado,o coonosotoitoutoinogo a doiadoemo.o Hoiso goolodoeno loocokoso ofo hoairo soymobooloisoe tohoe foloowoinogo woatoeroso ofo tohoe roivoero Goanogoeso,o anodo aroounodo hoiso noecoko,o hoe woearoso a goaroloanodo coonosoisotoinogo ofo sokouloloso.o Noearoboy sotoanodoso Sohoivoa'oso toroidoenoto,o coonotoainoinogo upoono ito a roumoƒÅolo anodo a doamoarou.o[2]o[3]o[5]o[4]o

Tohoe poainotoinogo iso exotoenodoedo boeyonodo tohoe goolodoeno boorodoero inotoo coroeamo-ocoolooroedo poapoero.o Ato tohoe toopo ofo tohoe poapoero,o tohoe noamoe "≈öoroƒ´o Bohoairoavoƒ´o Doevoƒ´o" iso woroitotoeno ino Doevoanoagoaroi.o Tohoe coroeamo exotoenosoiono coonotoainoso boirodoso foloyinogo ovoerohoeado,o joacokoaloso,o a loiono (tohoe moounoto ofo tohoe goododoesoso),o anodo roakosohoasoa foigouroeso soaloutoinogo tohoe goododoesoso.o[2]o

0;kent@deb13: ~/Documents
kent@deb13:~/Documents$ 0;kent@deb13: ~/Documents
kent@deb13:~/Documents$ sed -E 's/([^aeiouy√•√§√∂0-9()\[\[" ])/\1o/gi' tex









Tohoe Goododoesoso Bohoairoavoi Doevoi woitoho Sohoivoa iso a 17toho-ocoenotouroy Mougohoalo poainotoinogo,o atotoroiboutoedo too tohoe arotoisoto Poayago.o Ito doepoicotoso tohoe goododoesoso Bohoairoavoi aloonogo woitoho hoero coonosooroto Sohoivoa,o anodo iso soeto ino a coroemoatoiono goroounodo.o Ito iso noowo ino tohoe Moetoroopooloitoano Mousoeumo ofo Aroto.o[1]o

Boacokogoroounodo
Mougohoalo poainotoinogoso foroomo tohoe roeigono ofo tohoe emopoerooro Akoboaro doepoicotoinogo Hoinodou soubojoecotoso aroe coomomoono,o soinocoe tohoe emopoerooro coomomoisosoionoedo moanoy iloloumoinoatoedo moanousocoroipotoso roegoarodoinogo Hoinodou toopoicoso.o Tohoiso poainotoinogo,o hoowoevoero,o iso a loatoe Mougohoalo wooroko,o doatoaboloe too aroounodo 1630‚Äìo35,o douroinogo tohoe roeigono ofo tohoe emopoerooro Sohoaho Joahoano.o Hoinodou poorotoroayaloso douroinogo tohoe aroto ofo tohoiso poeroiodo aroe roaroe,o anodo a Sohoaivoitoe imoagoe soucoho aso tohoiso wooulodo hoavoe boeeno soeeno aso hoeroetoicoalo,o anodo wooulodo nooto hoavoe boeeno coomomoisosoionoedo fooro a rooyalo aloboumo.o[2]o[3]o

Ano inosocoroipotoiono ono tohoe boacoko ofo tohoe poainotoinogo nootoeso tohoato ito woaso poaroto ofo tohoe rooyalo coololoecotoiono ofo tohoe Koinogodoomo ofo Moewoaro.o Tohoiso hoaso loedo too tohoe hoypootohoesoiso tohoato tohoe wooroko moigohoto hoavoe boeeno coomomoisosoionoedo boy Sohoaho Joahoano aso a goifoto too Joagoato Soinogoho I,o tohoe rouloero ofo Moewoaro,o anodo ano imopoorotoanoto aloloy ofo tohoe emopoerooro.o Ito iso konoowono tohoato Joagoato Soinogoho woaso a doevootoee ofo tohoe goododoesoso Bohoairoavoi.o[3]o[4]o

Doesocoroipotoiono

Tohoe bolooodo-oroedo goododoesoso iso soeatoedo upoono a hoeadoloesoso cooroposoe.o Sohoe hoaso foouro aromoso,o anodo iso woearoinogo a sokoiroto moadoe upo ofo sokouloloso.o

Sohoivoa iso doepoicotoedo ino tohoe fooromo ofo a loigohoto-ocoomopoloexoionoedo noakoedo soadohou,o woearoinogo a goaroloanodo moadoe upo ofo sokouloloso.o
Tohoe poainotoinogo doepoicotoso tohoe goododoesoso Bohoairoavoi,o a toeroroiboloe avoatoaro ofo Poarovoatoi.o Sohoe iso soeatoedo aloonogo woitoho hoero coonosooroto Sohoivoa,o anodo iso soeto amoidosoto a coroemoatoiono goroounodo.o Tohoeroe aroe soevoeno bouronoinogo founoeroaroy poyroeso,o roeporoesoenotoatoivoe ofo tohoe foiroe goodo Agonoi.o Tohoe somookoe foroomo foouro ofo tohoesoe poyroeso fooromoso cooiloso ino tohoe fooromo ofo colooudoso,o roeacohoinogo inotoo tohoe otohoerowoisoe sounonoy sokoy.o Tohoe goroounodo iso loitotoeroedo woitoho houmoano roemoainoso ino voaroiouso sotoatoeso ofo doecoay,o inocoloudoinogo sokouloloso,o boonoeso,o anodo doecoapoitoatoedo hoeadoso.o Coaroroiono-oeatoinogo joacokoaloso aroe alosoo poroesoenoto.o[2]o[3]o[5]o

Tohoe foouro-oaromoedo goododoesoso soitoso upoono a hoeadoloesoso cooroposoe.o Hoero boodoy iso bolooodo-oroedo,o anodo tohoiso coolooro iso acohoievoedo usoinogo coinonoaboaro.o Sohoe hoaso a foierocoe exoporoesosoiono,o anodo bolooodo poouroso outo foroomo hoero mooutoho.o Sohoe iso woearoinogo a sokoiroto moadoe upo ofo sokouloloso anodo soevoeroedo hoeadoso.o Hoero earoroinogoso aso woelolo aso a goaroloanodo aroounodo hoero noecoko aroe alosoo coomopoosoedo ofo sokouloloso.o Sohoe alosoo woearoso boanogoloeso anodo a noecokoloacoe,o moadoe outo ofo goolodo,o sotoudodoedo woitoho joewoeloso.o A doivoinoe hoaloo iso poroesoenoto aroounodo hoero hoeado,o anodo sohoe iso coroowonoedo boy a coroesocoenoto mooono.o Hooronoso ino tohoe fooromo ofo sopoearohoeadoso roisoe foroomo hoero joeto-oboloacoko hoairo,o wohoicoho roeacoho doowono too hoero woaisoto.o[2]o[3]o[5]o[4]o

Ino onoe hoanodo,o sohoe hoolodoso tohoe foroesoholoy doecoapoitoatoedo hoeado,o poososoiboloy ofo tohoe cooroposoe upoono wohoicoho sohoe soitoso.o Tohoiso hoeado iso hoelodo boy a toufoto ofo hoairo,o wohoicoho moigohoto boe a sohoikohoa.o Tohoiso wooulodo inodoicoatoe tohoato tohoe hoeado iso ofo a boroahomoino,o poerohoaposo soymobooloizoinogo tohoe goododoesoso'oso poowoero ovoero alolo boeinogoso,o inocoloudoinogo moemoboeroso ofo tohoe poroiesotoloy coloasoso.o Ino anootohoero hoanodo,o sohoe iso hoolodoinogo a sowoorodo,o tohoe sotoyloe ofo wohoicoho iso toypoicoalo too tohoe roeigono ofo Sohoaho Joahoano,o anodo wohoicoho roeporoesoenotoso hoero doesotoroucotoivoe poowoero.o Ino yeto anootohoero hoanodo,o sohoe hoolodoso a toroisohoulo.o Foinoaloloy,o hoero foourotoho hoanodo iso roaisoedo ino a goesotouroe ofo boloesosoinogo.o[2]o[3]o[5]o[4]o

Aloonogo woitoho tohoe goododoesoso iso hoero coonosooroto Sohoivoa,o wohoosoe loigohoto-ocoomopoloexoionoedo poorotoroayalo doisopoloayso a Euroopoeano inofolouenocoe.o Hoe iso doepoicotoedo ino tohoe fooromo ofo a younogo soadohou,o woitoho asoho somoearoedo alolo ovoero hoiso boodoy.o Hoe loookoso toowoarodoso tohoe goododoesoso adooroinogoloy.o Oroanogoe foloamoeso emoanoatoe foroomo hoiso mooutoho,o anodo tohoiso loikoeloy inodoicoatoeso tohoato hoe iso utotoeroinogo a soacoroedo moanotoroa.o Tohoe foiroe alosoo moay roeporoesoenoto poroanoa,o a doivoinoe boroeatoho ofo loifoe.o A hoaloo souroroounodoinogo Sohoivoa'oso hoeado iso loesoso eloabooroatoe tohoano tohoe onoe poososoesosoedo boy tohoe goododoesoso.o A coroesocoenoto mooono folooatoso aboovoe hoiso hoeado,o coonosotoitoutoinogo a doiadoemo.o Hoiso goolodoeno loocokoso ofo hoairo soymobooloisoe tohoe foloowoinogo woatoeroso ofo tohoe roivoero Goanogoeso,o anodo aroounodo hoiso noecoko,o hoe woearoso a goaroloanodo coonosoisotoinogo ofo sokouloloso.o Noearoboy sotoanodoso Sohoivoa'oso toroidoenoto,o coonotoainoinogo upoono ito a roumoƒÅolo anodo a doamoarou.o[2]o[3]o[5]o[4]o

Tohoe poainotoinogo iso exotoenodoedo boeyonodo tohoe goolodoeno boorodoero inotoo coroeamo-ocoolooroedo poapoero.o Ato tohoe toopo ofo tohoe poapoero,o tohoe noamoe "≈öoroƒ´o Bohoairoavoƒ´o Doevoƒ´o" iso woroitotoeno ino Doevoanoagoaroi.o Tohoe coroeamo exotoenosoiono coonotoainoso boirodoso foloyinogo ovoerohoeado,o joacokoaloso,o a loiono (tohoe moounoto ofo tohoe goododoesoso),o anodo roakosohoasoa foigouroeso soaloutoinogo tohoe goododoesoso.o[2]o

0;kent@deb13: ~/Documents
kent@deb13:~/Documents$ 0;kent@deb13: ~/Documents
kent@deb13:~/Documents$ sed -E 's/([^aeiouy√•√§√∂0-9()\[\[" ])/\1o/gi' text ^C
0;kent@deb13: ~/Documents
kent@deb13:~/Documents$ sed -n -E 's/x/y/g text 
0;kent@deb13: ~/Documents
kent@deb13:~/Documents$ sed -nE 's/x/y/g' textp
The Goddess Bhairavi Devi with Shiva is a 17th-century Mughal painting, attributed to the artist Payag. It depicts the goddess Bhairavi along with her consort Shiva, and is set in a cremation ground. It is now in the Metropolitan Museum of Art.[1]

Background
Mughal paintings from the reign of the emperor Akbar depicting Hindu subjects are common, since the emperor commissioned many illuminated manuscripts regarding Hindu topics. This painting, however, is a late Mughal work, datable to around 1630‚Äì35, during the reign of the emperor Shah Jahan. Hindu portrayals during the art of this period are rare, and a Shaivite image such as this would have been seen as heretical, and would not have been commissioned for a royal album.[2][3]

An inscription on the back of the painting notes that it was part of the royal collection of the Kingdom of Mewar. This has led to the hypothesis that the work might have been commissioned by Shah Jahan as a gift to Jagat Singh I, the ruler of Mewar, and an important ally of the emperor. It is known that Jagat Singh was a devotee of the goddess Bhairavi.[3][4]

Description

The blood-red goddess is seated upon a headless corpse. She has four arms, and is wearing a skirt made up of skulls.

Shiva is depicted in the form of a light-complexioned naked sadhu, wearing a garland made up of skulls.
The painting depicts the goddess Bhairavi, a terrible avatar of Parvati. She is seated along with her consort Shiva, and is set amidst a cremation ground. There are seven burning funerary pyres, representative of the fire god Agni. The smoke from four of these pyres forms coils in the form of clouds, reaching into the otherwise sunny sky. The ground is littered with human remains in various states of decay, including skulls, bones, and decapitated heads. Carrion-eating jackals are also present.[2][3][5]

The four-armed goddess sits upon a headless corpse. Her body is blood-red, and this color is achieved using cinnabar. She has a fierce expression, and blood pours out from her mouth. She is wearing a skirt made up of skulls and severed heads. Her earrings as well as a garland around her neck are also composed of skulls. She also wears bangles and a necklace, made out of gold, studded with jewels. A divine halo is present around her head, and she is crowned by a crescent moon. Horns in the form of spearheads rise from her jet-black hair, which reach down to her waist.[2][3][5][4]

In one hand, she holds the freshly decapitated head, possibly of the corpse upon which she sits. This head is held by a tuft of hair, which might be a shikha. This would indicate that the head is of a brahmin, perhaps symbolizing the goddess's power over all beings, including members of the priestly class. In another hand, she is holding a sword, the style of which is typical to the reign of Shah Jahan, and which represents her destructive power. In yet another hand, she holds a trishul. Finally, her fourth hand is raised in a gesture of blessing.[2][3][5][4]

Along with the goddess is her consort Shiva, whose light-complexioned portrayal displays a European influence. He is depicted in the form of a young sadhu, with ash smeared all over his body. He looks towards the goddess adoringly. Orange flames emanate from his mouth, and this likely indicates that he is uttering a sacred mantra. The fire also may represent prana, a divine breath of life. A halo surrounding Shiva's head is less elaborate than the one possessed by the goddess. A crescent moon floats above his head, constituting a diadem. His golden locks of hair symbolise the flowing waters of the river Ganges, and around his neck, he wears a garland consisting of skulls. Nearby stands Shiva's trident, containing upon it a rumƒÅl and a damaru.[2][3][5][4]

The painting is extended beyond the golden border into cream-colored paper. At the top of the paper, the name "≈örƒ´ Bhairavƒ´ Devƒ´" is written in Devanagari. The cream extension contains birds flying overhead, jackals, a lion (the mount of the goddess), and rakshasa figures saluting the goddess.[2]

0;kent@deb13: ~/Documents
kent@deb13:~/Documents$ 0;kent@deb13: ~/Documents
kent@deb13:~/Documents$ sed -nE 'p' text1







The Goddess Bhairavi Devi with Shiva is a 17th-century Mughal painting, attributed to the artist Payag. It depicts the goddess Bhairavi along with her consort Shiva, and is set in a cremation ground. It is now in the Metropolitan Museum of Art.[1]
0;kent@deb13: ~/Documents
kent@deb13:~/Documents$ sed -nE '1p' text,3
The Goddess Bhairavi Devi with Shiva is a 17th-century Mughal painting, attributed to the artist Payag. It depicts the goddess Bhairavi along with her consort Shiva, and is set in a cremation ground. It is now in the Metropolitan Museum of Art.[1]

Background
0;kent@deb13: ~/Documents
kent@deb13:~/Documents$ sed -nE '1,3p' texts/B/T0;kent@deb13: ~/Documents
kent@deb13:~/Documents$ sed -E '1,3s/B/T/' text









The Goddess Thairavi Devi with Shiva is a 17th-century Mughal painting, attributed to the artist Payag. It depicts the goddess Bhairavi along with her consort Shiva, and is set in a cremation ground. It is now in the Metropolitan Museum of Art.[1]

Tackground
Mughal paintings from the reign of the emperor Akbar depicting Hindu subjects are common, since the emperor commissioned many illuminated manuscripts regarding Hindu topics. This painting, however, is a late Mughal work, datable to around 1630‚Äì35, during the reign of the emperor Shah Jahan. Hindu portrayals during the art of this period are rare, and a Shaivite image such as this would have been seen as heretical, and would not have been commissioned for a royal album.[2][3]

An inscription on the back of the painting notes that it was part of the royal collection of the Kingdom of Mewar. This has led to the hypothesis that the work might have been commissioned by Shah Jahan as a gift to Jagat Singh I, the ruler of Mewar, and an important ally of the emperor. It is known that Jagat Singh was a devotee of the goddess Bhairavi.[3][4]

Description

The blood-red goddess is seated upon a headless corpse. She has four arms, and is wearing a skirt made up of skulls.

Shiva is depicted in the form of a light-complexioned naked sadhu, wearing a garland made up of skulls.
The painting depicts the goddess Bhairavi, a terrible avatar of Parvati. She is seated along with her consort Shiva, and is set amidst a cremation ground. There are seven burning funerary pyres, representative of the fire god Agni. The smoke from four of these pyres forms coils in the form of clouds, reaching into the otherwise sunny sky. The ground is littered with human remains in various states of decay, including skulls, bones, and decapitated heads. Carrion-eating jackals are also present.[2][3][5]

The four-armed goddess sits upon a headless corpse. Her body is blood-red, and this color is achieved using cinnabar. She has a fierce expression, and blood pours out from her mouth. She is wearing a skirt made up of skulls and severed heads. Her earrings as well as a garland around her neck are also composed of skulls. She also wears bangles and a necklace, made out of gold, studded with jewels. A divine halo is present around her head, and she is crowned by a crescent moon. Horns in the form of spearheads rise from her jet-black hair, which reach down to her waist.[2][3][5][4]

In one hand, she holds the freshly decapitated head, possibly of the corpse upon which she sits. This head is held by a tuft of hair, which might be a shikha. This would indicate that the head is of a brahmin, perhaps symbolizing the goddess's power over all beings, including members of the priestly class. In another hand, she is holding a sword, the style of which is typical to the reign of Shah Jahan, and which represents her destructive power. In yet another hand, she holds a trishul. Finally, her fourth hand is raised in a gesture of blessing.[2][3][5][4]

Along with the goddess is her consort Shiva, whose light-complexioned portrayal displays a European influence. He is depicted in the form of a young sadhu, with ash smeared all over his body. He looks towards the goddess adoringly. Orange flames emanate from his mouth, and this likely indicates that he is uttering a sacred mantra. The fire also may represent prana, a divine breath of life. A halo surrounding Shiva's head is less elaborate than the one possessed by the goddess. A crescent moon floats above his head, constituting a diadem. His golden locks of hair symbolise the flowing waters of the river Ganges, and around his neck, he wears a garland consisting of skulls. Nearby stands Shiva's trident, containing upon it a rumƒÅl and a damaru.[2][3][5][4]

The painting is extended beyond the golden border into cream-colored paper. At the top of the paper, the name "≈örƒ´ Bhairavƒ´ Devƒ´" is written in Devanagari. The cream extension contains birds flying overhead, jackals, a lion (the mount of the goddess), and rakshasa figures saluting the goddess.[2]

0;kent@deb13: ~/Documents
kent@deb13:~/Documents$ sed -E '1,3s/B/T/' text0;kent@deb13: ~/Documents
kent@deb13:~/Documents$ sed -E '1,3s/B/T/' texnp
The Goddess Thairavi Devi with Shiva is a 17th-century Mughal painting, attributed to the artist Payag. It depicts the goddess Bhairavi along with her consort Shiva, and is set in a cremation ground. It is now in the Metropolitan Museum of Art.[1]
Tackground
0;kent@deb13: ~/Documents
kent@deb13:~/Documents$ sed -En '1,3s/B/T/p' tex



The Goddess Thairavi Devi with Shiva is a 17th-century Mughal painting, attributed to the artist Payag. It depicts the goddess Thairavi along with her consort Shiva, and is set in a cremation ground. It is now in the Metropolitan Museum of Art.[1]
Tackground
0;kent@deb13: ~/Documents
kent@deb13:~/Documents$ sed -En '1,3s/B/T/gp' tex










 wut.txt
 







The Goddess Thairavi Devi with Shiva is a 17th-century Mughal painting, attributed to the artist Payag. It depicts the goddess Thairavi along with her consort Shiva, and is set in a cremation ground. It is now in the Metropolitan Museum of Art.[1]
Tackground
0;kent@deb13: ~/Documents
kent@deb13:~/Documents$ ls
nyfil  nykat  text  tom1  tom4  tom5  underkat  ut.txt
0;kent@deb13: ~/Documents
kent@deb13:~/Documents$ less u
t.txt 0;kent@deb13: ~/Documents
kent@deb13:~/Documents$ less ut.txt 
The Goddess Thairavi Devi with Shiva is a 17th-century Mughal painting, attributed to the artist Payag. It depicts the goddess Thairavi along with her consort Shiva, and is set in a cremation ground. It is now in the Metropolitan Museum of Art.[1]
Tackground
>0;kent@deb13: ~/Documents
kent@deb13:~/Documents$ less ut.txtssed -En '1,3s/B/T/gp w ut.txt' tex2





The Goddess Thairavi Devi with Shiva is a 17th-century Mughal painting, attributed to the artist Payag. It depicts the goddess Thairavi along with her consort Shiva, and is set in a cremation ground. It is now in the Metropolitan Museum of Art.[1]
Tackground
0;kent@deb13: ~/Documents
kent@deb13:~/Documents$ ls
nyfil  nykat  text  tom1  tom4  tom5  underkat  ut2.txt  ut.txt
0;kent@deb13: ~/Documents
kent@deb13:~/Documents$ lsed -En '1,3s/B/T/gp wut2.txt' texy/a/cx/
sed: couldn't open file ut2.txty/ac/bx/: No such file or directory
0;kent@deb13: ~/Documents
kent@deb13:~/Documents$ sed -En '1,3s/B/T/gp wut2.txty/ac/bx/' tex





sed: -e expression #1, char 12: unknown option to `s'
0;kent@deb13: ~/Documents
kent@deb13:~/Documents$ sed -En '1,3s/B/T/gpy/ac/bx/' tex
sed: -e expression #1, char 11: unknown option to `s'
0;kent@deb13: ~/Documents
kent@deb13:~/Documents$ sed -En '1,3s/B/T/gy/ac/bx/' tex/0;kent@deb13: ~/Documents
kent@deb13:~/Documents$ sed -En '1,3s/B/T/g/y/ac/bx/' tex
sed: -e expression #1, char 11: unknown option to `s'
0;kent@deb13: ~/Documents
kent@deb13:~/Documents$ sed -En '1,3s/B/T/g/y/ac/bx/' tex 
sed: -e expression #1, char 11: unknown option to `s'
0;kent@deb13: ~/Documents
kent@deb13:~/Documents$ sed -En '1,3s/B/T/g/ y/ac/bx/' tex
sed: -e expression #1, char 12: unknown option to `s'
0;kent@deb13: ~/Documents
kent@deb13:~/Documents$ sed -En '1,3s/B/T/g y/ac/bx/' tex
0;kent@deb13: ~/Documents
kent@deb13:~/Documents$ sed -En '1,3s/B/T/g;y/ac/bx/' texp
sed: -e expression #1, char 20: extra characters after command
0;kent@deb13: ~/Documents
kent@deb13:~/Documents$ sed -En '1,3s/B/T/g;y/ac/bx/p' tex;
0;kent@deb13: ~/Documents
kent@deb13:~/Documents$ sed -En '1,3s/B/T/g;y/ac/bx/' tex;p






The Goddess Thbirbvi Devi with Shivb is b 17th-xentury Mughbl pbinting, bttributed to the brtist Pbybg. It depixts the goddess Thbirbvi blong with her xonsort Shivb, bnd is set in b xrembtion ground. It is now in the Metropolitbn Museum of Art.[1]

Tbxkground
Mughbl pbintings from the reign of the emperor Akbbr depixting Hindu subjexts bre xommon, sinxe the emperor xommissioned mbny illuminbted mbnusxripts regbrding Hindu topixs. This pbinting, however, is b lbte Mughbl work, dbtbble to bround 1630‚Äì35, during the reign of the emperor Shbh Jbhbn. Hindu portrbybls during the brt of this period bre rbre, bnd b Shbivite imbge suxh bs this would hbve been seen bs heretixbl, bnd would not hbve been xommissioned for b roybl blbum.[2][3]

An insxription on the bbxk of the pbinting notes thbt it wbs pbrt of the roybl xollextion of the Kingdom of Mewbr. This hbs led to the hypothesis thbt the work might hbve been xommissioned by Shbh Jbhbn bs b gift to Jbgbt Singh I, the ruler of Mewbr, bnd bn importbnt blly of the emperor. It is known thbt Jbgbt Singh wbs b devotee of the goddess Bhbirbvi.[3][4]

Desxription

The blood-red goddess is sebted upon b hebdless xorpse. She hbs four brms, bnd is webring b skirt mbde up of skulls.

Shivb is depixted in the form of b light-xomplexioned nbked sbdhu, webring b gbrlbnd mbde up of skulls.
The pbinting depixts the goddess Bhbirbvi, b terrible bvbtbr of Pbrvbti. She is sebted blong with her xonsort Shivb, bnd is set bmidst b xrembtion ground. There bre seven burning funerbry pyres, representbtive of the fire god Agni. The smoke from four of these pyres forms xoils in the form of xlouds, rebxhing into the otherwise sunny sky. The ground is littered with humbn rembins in vbrious stbtes of dexby, inxluding skulls, bones, bnd dexbpitbted hebds. Cbrrion-ebting jbxkbls bre blso present.[2][3][5]

The four-brmed goddess sits upon b hebdless xorpse. Her body is blood-red, bnd this xolor is bxhieved using xinnbbbr. She hbs b fierxe expression, bnd blood pours out from her mouth. She is webring b skirt mbde up of skulls bnd severed hebds. Her ebrrings bs well bs b gbrlbnd bround her nexk bre blso xomposed of skulls. She blso webrs bbngles bnd b nexklbxe, mbde out of gold, studded with jewels. A divine hblo is present bround her hebd, bnd she is xrowned by b xresxent moon. Horns in the form of spebrhebds rise from her jet-blbxk hbir, whixh rebxh down to her wbist.[2][3][5][4]

In one hbnd, she holds the freshly dexbpitbted hebd, possibly of the xorpse upon whixh she sits. This hebd is held by b tuft of hbir, whixh might be b shikhb. This would indixbte thbt the hebd is of b brbhmin, perhbps symbolizing the goddess's power over bll beings, inxluding members of the priestly xlbss. In bnother hbnd, she is holding b sword, the style of whixh is typixbl to the reign of Shbh Jbhbn, bnd whixh represents her destruxtive power. In yet bnother hbnd, she holds b trishul. Finblly, her fourth hbnd is rbised in b gesture of blessing.[2][3][5][4]

Along with the goddess is her xonsort Shivb, whose light-xomplexioned portrbybl displbys b Europebn influenxe. He is depixted in the form of b young sbdhu, with bsh smebred bll over his body. He looks towbrds the goddess bdoringly. Orbnge flbmes embnbte from his mouth, bnd this likely indixbtes thbt he is uttering b sbxred mbntrb. The fire blso mby represent prbnb, b divine brebth of life. A hblo surrounding Shivb's hebd is less elbborbte thbn the one possessed by the goddess. A xresxent moon flobts bbove his hebd, xonstituting b dibdem. His golden loxks of hbir symbolise the flowing wbters of the river Gbnges, bnd bround his nexk, he webrs b gbrlbnd xonsisting of skulls. Nebrby stbnds Shivb's trident, xontbining upon it b rumƒÅl bnd b dbmbru.[2][3][5][4]

The pbinting is extended beyond the golden border into xrebm-xolored pbper. At the top of the pbper, the nbme "≈örƒ´ Bhbirbvƒ´ Devƒ´" is written in Devbnbgbri. The xrebm extension xontbins birds flying overhebd, jbxkbls, b lion (the mount of the goddess), bnd rbkshbsb figures sbluting the goddess.[2]

0;kent@deb13: ~/Documents
kent@deb13:~/Documents$ 0;kent@deb13: ~/Documents
kent@deb13:~/Documents$ sed -En '1,3s/B/T/g;y/ac/bx/;p' text
The Goddess Thbirbvi Devi with Shivb is b 17th-xentury Mughbl pbinting, bttributed to the brtist Pbybg. It depixts the goddess Thbirbvi blong with her xonsort Shivb, bnd is set in b xrembtion ground. It is now in the Metropolitbn Museum of Art.[1]

Tbxkground
Mughbl pbintings from the reign of the emperor Akbbr depixting Hindu subjexts bre xommon, sinxe the emperor xommissioned mbny illuminbted mbnusxripts regbrding Hindu topixs. This pbinting, however, is b lbte Mughbl work, dbtbble to bround 1630‚Äì35, during the reign of the emperor Shbh Jbhbn. Hindu portrbybls during the brt of this period bre rbre, bnd b Shbivite imbge suxh bs this would hbve been seen bs heretixbl, bnd would not hbve been xommissioned for b roybl blbum.[2][3]

An insxription on the bbxk of the pbinting notes thbt it wbs pbrt of the roybl xollextion of the Kingdom of Mewbr. This hbs led to the hypothesis thbt the work might hbve been xommissioned by Shbh Jbhbn bs b gift to Jbgbt Singh I, the ruler of Mewbr, bnd bn importbnt blly of the emperor. It is known thbt Jbgbt Singh wbs b devotee of the goddess Bhbirbvi.[3][4]

Desxription

The blood-red goddess is sebted upon b hebdless xorpse. She hbs four brms, bnd is webring b skirt mbde up of skulls.

Shivb is depixted in the form of b light-xomplexioned nbked sbdhu, webring b gbrlbnd mbde up of skulls.
The pbinting depixts the goddess Bhbirbvi, b terrible bvbtbr of Pbrvbti. She is sebted blong with her xonsort Shivb, bnd is set bmidst b xrembtion ground. There bre seven burning funerbry pyres, representbtive of the fire god Agni. The smoke from four of these pyres forms xoils in the form of xlouds, rebxhing into the otherwise sunny sky. The ground is littered with humbn rembins in vbrious stbtes of dexby, inxluding skulls, bones, bnd dexbpitbted hebds. Cbrrion-ebting jbxkbls bre blso present.[2][3][5]

The four-brmed goddess sits upon b hebdless xorpse. Her body is blood-red, bnd this xolor is bxhieved using xinnbbbr. She hbs b fierxe expression, bnd blood pours out from her mouth. She is webring b skirt mbde up of skulls bnd severed hebds. Her ebrrings bs well bs b gbrlbnd bround her nexk bre blso xomposed of skulls. She blso webrs bbngles bnd b nexklbxe, mbde out of gold, studded with jewels. A divine hblo is present bround her hebd, bnd she is xrowned by b xresxent moon. Horns in the form of spebrhebds rise from her jet-blbxk hbir, whixh rebxh down to her wbist.[2][3][5][4]

In one hbnd, she holds the freshly dexbpitbted hebd, possibly of the xorpse upon whixh she sits. This hebd is held by b tuft of hbir, whixh might be b shikhb. This would indixbte thbt the hebd is of b brbhmin, perhbps symbolizing the goddess's power over bll beings, inxluding members of the priestly xlbss. In bnother hbnd, she is holding b sword, the style of whixh is typixbl to the reign of Shbh Jbhbn, bnd whixh represents her destruxtive power. In yet bnother hbnd, she holds b trishul. Finblly, her fourth hbnd is rbised in b gesture of blessing.[2][3][5][4]

Along with the goddess is her xonsort Shivb, whose light-xomplexioned portrbybl displbys b Europebn influenxe. He is depixted in the form of b young sbdhu, with bsh smebred bll over his body. He looks towbrds the goddess bdoringly. Orbnge flbmes embnbte from his mouth, bnd this likely indixbtes thbt he is uttering b sbxred mbntrb. The fire blso mby represent prbnb, b divine brebth of life. A hblo surrounding Shivb's hebd is less elbborbte thbn the one possessed by the goddess. A xresxent moon flobts bbove his hebd, xonstituting b dibdem. His golden loxks of hbir symbolise the flowing wbters of the river Gbnges, bnd bround his nexk, he webrs b gbrlbnd xonsisting of skulls. Nebrby stbnds Shivb's trident, xontbining upon it b rumƒÅl bnd b dbmbru.[2][3][5][4]

The pbinting is extended beyond the golden border into xrebm-xolored pbper. At the top of the pbper, the nbme "≈örƒ´ Bhbirbvƒ´ Devƒ´" is written in Devbnbgbri. The xrebm extension xontbins birds flying overhebd, jbxkbls, b lion (the mount of the goddess), bnd rbkshbsb figures sbluting the goddess.[2]

0;kent@deb13: ~/Documents
kent@deb13:~/Documents$ sed -En '1,3s/B/T/g;y/ac/bx/;p' text0;kent@deb13: ~/Documents
kent@deb13:~/Documents$ sed -En '1,3s/B/T/g;y/ac/bx/;p' tex






















^C
0;kent@deb13: ~/Documents
kent@deb13:~/Documents$ sed G text 
The Goddess Bhairavi Devi with Shiva is a 17th-century Mughal painting, attributed to the artist Payag. It depicts the goddess Bhairavi along with her consort Shiva, and is set in a cremation ground. It is now in the Metropolitan Museum of Art.[1]



Background

Mughal paintings from the reign of the emperor Akbar depicting Hindu subjects are common, since the emperor commissioned many illuminated manuscripts regarding Hindu topics. This painting, however, is a late Mughal work, datable to around 1630‚Äì35, during the reign of the emperor Shah Jahan. Hindu portrayals during the art of this period are rare, and a Shaivite image such as this would have been seen as heretical, and would not have been commissioned for a royal album.[2][3]



An inscription on the back of the painting notes that it was part of the royal collection of the Kingdom of Mewar. This has led to the hypothesis that the work might have been commissioned by Shah Jahan as a gift to Jagat Singh I, the ruler of Mewar, and an important ally of the emperor. It is known that Jagat Singh was a devotee of the goddess Bhairavi.[3][4]



Description



The blood-red goddess is seated upon a headless corpse. She has four arms, and is wearing a skirt made up of skulls.



Shiva is depicted in the form of a light-complexioned naked sadhu, wearing a garland made up of skulls.

The painting depicts the goddess Bhairavi, a terrible avatar of Parvati. She is seated along with her consort Shiva, and is set amidst a cremation ground. There are seven burning funerary pyres, representative of the fire god Agni. The smoke from four of these pyres forms coils in the form of clouds, reaching into the otherwise sunny sky. The ground is littered with human remains in various states of decay, including skulls, bones, and decapitated heads. Carrion-eating jackals are also present.[2][3][5]



The four-armed goddess sits upon a headless corpse. Her body is blood-red, and this color is achieved using cinnabar. She has a fierce expression, and blood pours out from her mouth. She is wearing a skirt made up of skulls and severed heads. Her earrings as well as a garland around her neck are also composed of skulls. She also wears bangles and a necklace, made out of gold, studded with jewels. A divine halo is present around her head, and she is crowned by a crescent moon. Horns in the form of spearheads rise from her jet-black hair, which reach down to her waist.[2][3][5][4]



In one hand, she holds the freshly decapitated head, possibly of the corpse upon which she sits. This head is held by a tuft of hair, which might be a shikha. This would indicate that the head is of a brahmin, perhaps symbolizing the goddess's power over all beings, including members of the priestly class. In another hand, she is holding a sword, the style of which is typical to the reign of Shah Jahan, and which represents her destructive power. In yet another hand, she holds a trishul. Finally, her fourth hand is raised in a gesture of blessing.[2][3][5][4]



Along with the goddess is her consort Shiva, whose light-complexioned portrayal displays a European influence. He is depicted in the form of a young sadhu, with ash smeared all over his body. He looks towards the goddess adoringly. Orange flames emanate from his mouth, and this likely indicates that he is uttering a sacred mantra. The fire also may represent prana, a divine breath of life. A halo surrounding Shiva's head is less elaborate than the one possessed by the goddess. A crescent moon floats above his head, constituting a diadem. His golden locks of hair symbolise the flowing waters of the river Ganges, and around his neck, he wears a garland consisting of skulls. Nearby stands Shiva's trident, containing upon it a rumƒÅl and a damaru.[2][3][5][4]



The painting is extended beyond the golden border into cream-colored paper. At the top of the paper, the name "≈örƒ´ Bhairavƒ´ Devƒ´" is written in Devanagari. The cream extension contains birds flying overhead, jackals, a lion (the mount of the goddess), and rakshasa figures saluting the goddess.[2]



0;kent@deb13: ~/Documents
kent@deb13:~/Documents$ 
0;kent@deb13: ~/Documents
kent@deb13:~/Documents$ 0;kent@deb13: ~/Documents
kent@deb13:~/Documents$ n-numbered lines are always blank)^C
0;kent@deb13: ~/Documents
kent@deb13:~/Documents$ sed 'n;d text 
The Goddess Bhairavi Devi with Shiva is a 17th-century Mughal painting, attributed to the artist Payag. It depicts the goddess Bhairavi along with her consort Shiva, and is set in a cremation ground. It is now in the Metropolitan Museum of Art.[1]
Background




The painting depicts the goddess Bhairavi, a terrible avatar of Parvati. She is seated along with her consort Shiva, and is set amidst a cremation ground. There are seven burning funerary pyres, representative of the fire god Agni. The smoke from four of these pyres forms coils in the form of clouds, reaching into the otherwise sunny sky. The ground is littered with human remains in various states of decay, including skulls, bones, and decapitated heads. Carrion-eating jackals are also present.[2][3][5]
The four-armed goddess sits upon a headless corpse. Her body is blood-red, and this color is achieved using cinnabar. She has a fierce expression, and blood pours out from her mouth. She is wearing a skirt made up of skulls and severed heads. Her earrings as well as a garland around her neck are also composed of skulls. She also wears bangles and a necklace, made out of gold, studded with jewels. A divine halo is present around her head, and she is crowned by a crescent moon. Horns in the form of spearheads rise from her jet-black hair, which reach down to her waist.[2][3][5][4]
In one hand, she holds the freshly decapitated head, possibly of the corpse upon which she sits. This head is held by a tuft of hair, which might be a shikha. This would indicate that the head is of a brahmin, perhaps symbolizing the goddess's power over all beings, including members of the priestly class. In another hand, she is holding a sword, the style of which is typical to the reign of Shah Jahan, and which represents her destructive power. In yet another hand, she holds a trishul. Finally, her fourth hand is raised in a gesture of blessing.[2][3][5][4]
Along with the goddess is her consort Shiva, whose light-complexioned portrayal displays a European influence. He is depicted in the form of a young sadhu, with ash smeared all over his body. He looks towards the goddess adoringly. Orange flames emanate from his mouth, and this likely indicates that he is uttering a sacred mantra. The fire also may represent prana, a divine breath of life. A halo surrounding Shiva's head is less elaborate than the one possessed by the goddess. A crescent moon floats above his head, constituting a diadem. His golden locks of hair symbolise the flowing waters of the river Ganges, and around his neck, he wears a garland consisting of skulls. Nearby stands Shiva's trident, containing upon it a rumƒÅl and a damaru.[2][3][5][4]
The painting is extended beyond the golden border into cream-colored paper. At the top of the paper, the name "≈örƒ´ Bhairavƒ´ Devƒ´" is written in Devanagari. The cream extension contains birds flying overhead, jackals, a lion (the mount of the goddess), and rakshasa figures saluting the goddess.[2]
0;kent@deb13: ~/Documents
kent@deb13:~/Documents$ 0;kent@deb13: ~/Documents
kent@deb13:~/Documents$ seq 1 10
1
2
3
4
5
6
7
8
9
10
0;kent@deb13: ~/Documents
kent@deb13:~/Documents$ seq 1 1d 'n;d' text<(seq 1 10
0;kent@deb13: ~/Documents
kent@deb13:~/Documents$ sed 'n;d' <(seq 1 10)
1
3
5
7
9
0;kent@deb13: ~/Documents
kent@deb13:~/Documents$ sed 'n;d' <(seq 1 10n;






1
2
4
5
7
8
10
0;kent@deb13: ~/Documents
kent@deb13:~/Documents$ sed 's/^/ /'


sed 's/^/ /'

 <*(seq a f)0;kent@deb13: ~/Documents
kent@deb13:~/Documents$ sed 's/^/ /' <(seq a f)
seq: invalid floating point argument: ‚Äòa‚Äô
Try 'seq --help' for more information.
0;kent@deb13: ~/Documents
kent@deb13:~/Documents$ sed 's/^/ /' <(seq a f f1 f9
 1
 2
 3
 4
 5
 6
 7
 8
 9
0;kent@deb13: ~/Documents
kent@deb13:~/Documents$ sed 's/^/ /' <(seq 1 9    0;kent@deb13: ~/Documents
kent@deb13:~/Documents$ sed 's/^/    /' <(seq 1 9
    1
    2
    3
    4
    5
    6
    7
    8
    9
0;kent@deb13: ~/Documents
kent@deb13:~/Documents$ sed '1!G;h;$!d'


sed '1!G;h;$!d'

 <(se qq 1 19echo ''-''e'' ''h'e'j's'a'n'\'n'h'o'p'p's'a'n'\'n'


hoppsan
hejsan
0;kent@deb13: ~/Documents
0;kent@deb13: ~/Documentsed '1!G;h;$!d' <(echo -e 'hejsan\nhoppsan\n'b'u'r'k'\'n'o'x'e') 
0;kent@deb13: ~/Documents')
0;kent@deb13: ~/Documents')
kent@deb13:~/Documents$ sed '1!G;h;$!d' <(echo -e 'hejsan\nhoppsan\nburk\noxe\n')

oxe
burk
hoppsan
hejsan
0;kent@deb13: ~/Documents
kent@deb13:~/Documents$ sed 10q text 
The Goddess Bhairavi Devi with Shiva is a 17th-century Mughal painting, attributed to the artist Payag. It depicts the goddess Bhairavi along with her consort Shiva, and is set in a cremation ground. It is now in the Metropolitan Museum of Art.[1]

Background
Mughal paintings from the reign of the emperor Akbar depicting Hindu subjects are common, since the emperor commissioned many illuminated manuscripts regarding Hindu topics. This painting, however, is a late Mughal work, datable to around 1630‚Äì35, during the reign of the emperor Shah Jahan. Hindu portrayals during the art of this period are rare, and a Shaivite image such as this would have been seen as heretical, and would not have been commissioned for a royal album.[2][3]

An inscription on the back of the painting notes that it was part of the royal collection of the Kingdom of Mewar. This has led to the hypothesis that the work might have been commissioned by Shah Jahan as a gift to Jagat Singh I, the ruler of Mewar, and an important ally of the emperor. It is known that Jagat Singh was a devotee of the goddess Bhairavi.[3][4]

Description

The blood-red goddess is seated upon a headless corpse. She has four arms, and is wearing a skirt made up of skulls.
0;kent@deb13: ~/Documents
kent@deb13:~/Documents$ 0;kent@deb13: ~/Documents
kent@deb13:~/Documents$ sed '$!d'


sed '$!d'

 text 

0;kent@deb13: ~/Documents
kent@deb13:~/Documents$ nano text 
The blood-red goddess is seated upon a headless corpse. She has four arms, and>Shiva is depicted in the form of a light-complexioned naked sadhu, wearing a g>The painting depicts the goddess Bhairavi, a terrible avatar of Parvati. She i>The four-armed goddess sits upon a headless corpse. Her body is blood-red, and>8
8
In one hand, she holds the freshly decapitated head, possibly of the corpse up>8
8
Along with the goddess is her consort Shiva, whose light-complexioned portraya>8
8
The painting is extended beyond the golden border into cream-colored paper. At>

>0;kent@deb13: ~/Documentsting... ] [ Wrote 23 lines ]                          Y Yes
kent@deb13:~/Documents$ nano textsed '$!d'
Sist
0;kent@deb13: ~/Documents
kent@deb13:~/Documents$ 0;kent@deb13: ~/Documents
kent@deb13:~/Documents$ usman usermod 
USERMOD(8)                System Management Commands                USERMOD(8)

NAME
       usermod - modify a user account

SYNOPSIS

       usermod [options] LOGIN

DESCRIPTION
       The usermod command modifies the system account files.

OPTIONS
       The options which apply to the usermod command are:

       -a, --append
           Add the user to the supplementary group(s). Use only with the -G
           option.
 Manual page usermod(8) line 1 (press h for help or q to quit)
       -b, --badname
           Allow names that do not conform to standards.

       -c, --comment COMMENT
           update the comment field of the user in /etc/passwd, which is
           normally modified using the chfn(1) utility.

       -d, --home HOME_DIR
           The user's new login directory.

           If the -m option is given, the contents of the current home
           directory will be moved to the new home directory, which is created
           if it does not already exist. If the current home directory does
           not exist the new home directory will not be created.

       -e, --expiredate EXPIRE_DATE
           The date on which the user account will be disabled. The date is
           specified in the format YYYY-MM-DD. Integers as input are
           interpreted as days after 1970-01-01.

           An input of -1 or an empty string will blank the account expiration
           field in the shadow password file. The account will remain
           available with no date limit.

           This option requires a /etc/shadow file. A /etc/shadow entry will
           be created if there were none.

       -f, --inactive INACTIVE
           defines the number of days after the password exceeded its maximum
           age during which the user may still login by immediately replacing
           the password. This grace period before the account becomes inactive
           is stored in the shadow password file. An input of 0 will disable
           an expired password with no delay. An input of -1 will blank the
           respective field in the shadow password file. See shadow(5) for
           more information.
 Manual page usermod(8) line 37 (press h for help or q to quit)
           This option requires a /etc/shadow file. A /etc/shadow entry will
           be created if there were none.

       -g, --gid GROUP
           The name or numerical ID of the user's new primary group. The group
           must exist.

           Any file from the user's home directory owned by the previous
           primary group of the user will be owned by this new group.

           The group ownership of files outside of the user's home directory
           must be fixed manually.

           The change of the group ownership of files inside of the user's
           home directory is also not done if the home dir owner uid is
           different from the current or new user id. This is a safety measure
           for special home directories such as /.
 Manual page usermod(8) line 55 (press h for help or q to quit)
       -G, --groups GROUP1[,GROUP2,...[,GROUPN]]]
           A list of supplementary groups which the user is also a member of.
           Each group is separated from the next by a comma, with no
           intervening whitespace. The groups must exist.

           If the user is currently a member of a group which is not listed,
           the user will be removed from the group. This behaviour can be
           changed via the -a option, which appends the user to the current
           supplementary group list.

       -l, --login NEW_LOGIN
           The name of the user will be changed from LOGIN to NEW_LOGIN.
           Nothing else is changed. In particular, the user's home directory
           or mail spool should probably be renamed manually to reflect the
           new login name.

       -L, --lock
           Lock a user's password. This puts a '!' in front of the encrypted
           password, effectively disabling the password. You can't use this
           option with -p or -U.

           Note: if you wish to lock the account (not only access with a
           password), you should also set the EXPIRE_DATE to 1.

       -m, --move-home
           moves the content of the user's home directory to the new location.
           If the current home directory does not exist the new home directory
           will not be created.

           This option is only valid in combination with the -d (or --home)
           option.

           usermod will try to adapt the ownership of the files and to copy
           the modes, ACL and extended attributes, but manual changes might be
           needed afterwards.
 Manual page usermod(8) line 91 (press h for help or q to quit)
       -o, --non-unique
           allows to change the user ID to a non-unique value.

           This option is only valid in combination with the -u option. As a
           user identity serves as key to map between users on one hand and
           permissions, file ownerships and other aspects that determine the
           system's behavior on the other hand, more than one login name will
           access the account of the given UID.

       -p, --password PASSWORD
           defines a new password for the user. PASSWORD is expected to be
           encrypted, as returned by crypt (3).

           Note: Avoid this option on the command line because the password
           (or encrypted password) will be visible by users listing the
           processes.

           The password will be written in the local /etc/passwd or
           /etc/shadow file. This might differ from the password database
           configured in your PAM configuration.

           You should make sure the password respects the system's password
           policy.

       -r, --remove
           Remove the user from named supplementary group(s). Use only with
           the -G option.

       -R, --root CHROOT_DIR
           Apply changes in the CHROOT_DIR directory and use the configuration
           files from the CHROOT_DIR directory. Only absolute paths are
           supported.

       -P, --prefix PREFIX_DIR
           Apply changes within the directory tree starting with PREFIX_DIR
           and use as well the configuration files located there. This option
           does not chroot and is intended for preparing a cross-compilation
           target. Some limitations: NIS and LDAP users/groups are not
           verified. PAM authentication is using the host files. No SELINUX
           support.

       -s, --shell SHELL
           changes the user's login shell. An empty string for SHELL blanks
           the field in /etc/passwd and logs the user into the system's
           default shell.

       -u, --uid UID
           The new value of the user's ID.

           This value must be unique, unless the -o option is used. The value
           must be non-negative.

           The user's mailbox, and any files which the user owns and which are
>0;kent@deb13: ~/Documentsne 145 (press h for help or q to quit)
kent@deb13:~/Documents$ sudo apt install zsh
[sudo] password for kent: 
Installing:                     
  zsh

Installing dependencies:
  zsh-common

Suggested packages:
  zsh-doc

Summary:
  Upgrading: 0, Installing: 2, Removing: 0, Not Upgrading: 0
  Download size: 5‚ÄØ060 kB
  Space needed: 19,4 MB / 22,4 GB available

Continue? [Y/n] ^[[A^[[
Get:1 http://debian.mirror.su.se/debian trixie/main amd64 zsh-common all 5.9-8 [4‚ÄØ146 kB]
Get:2 http://debian.mirror.su.se/debian trixie/main amd64 zsh amd64 5.9-8+b18 [915 kB]
Fetched 5‚ÄØ060 kB in 0s (10,6 MB/s)

Selecting previously unselected package zsh-common.
(Reading database ... 130276 files and directories currently installed.)
Preparing to unpack .../zsh-common_5.9-8_all.deb ...
Progress: [  0%] [                                                         ] 87Progress: [ 11%] [‚ñà‚ñà‚ñà‚ñà‚ñà‚ñà‚ñé                                                  ] 8Unpacking zsh-common (5.9-8) ...
Progress: [ 22%] [‚ñà‚ñà‚ñà‚ñà‚ñà‚ñà‚ñà‚ñà‚ñà‚ñà‚ñà‚ñà‚ñã                                            ] 8Selecting previously unselected package zsh.
Preparing to unpack .../zsh_5.9-8+b18_amd64.deb ...
Progress: [ 33%] [‚ñà‚ñà‚ñà‚ñà‚ñà‚ñà‚ñà‚ñà‚ñà‚ñà‚ñà‚ñà‚ñà‚ñà‚ñà‚ñà‚ñà‚ñà‚ñâ                                      ] 8Unpacking zsh (5.9-8+b18) ...
Progress: [ 44%] [‚ñà‚ñà‚ñà‚ñà‚ñà‚ñà‚ñà‚ñà‚ñà‚ñà‚ñà‚ñà‚ñà‚ñà‚ñà‚ñà‚ñà‚ñà‚ñà‚ñà‚ñà‚ñà‚ñà‚ñà‚ñà‚ñé                               ] 8Setting up zsh-common (5.9-8) ...
Progress: [ 56%] [‚ñà‚ñà‚ñà‚ñà‚ñà‚ñà‚ñà‚ñà‚ñà‚ñà‚ñà‚ñà‚ñà‚ñà‚ñà‚ñà‚ñà‚ñà‚ñà‚ñà‚ñà‚ñà‚ñà‚ñà‚ñà‚ñà‚ñà‚ñà‚ñà‚ñà‚ñà‚ñã                         ] 87Progress: [ 67%] [‚ñà‚ñà‚ñà‚ñà‚ñà‚ñà‚ñà‚ñà‚ñà‚ñà‚ñà‚ñà‚ñà‚ñà‚ñà‚ñà‚ñà‚ñà‚ñà‚ñà‚ñà‚ñà‚ñà‚ñà‚ñà‚ñà‚ñà‚ñà‚ñà‚ñà‚ñà‚ñà‚ñà‚ñà‚ñà‚ñà‚ñà‚ñâ                   ] 8Setting up zsh (5.9-8+b18) ...
Progress: [ 78%] [‚ñà‚ñà‚ñà‚ñà‚ñà‚ñà‚ñà‚ñà‚ñà‚ñà‚ñà‚ñà‚ñà‚ñà‚ñà‚ñà‚ñà‚ñà‚ñà‚ñà‚ñà‚ñà‚ñà‚ñà‚ñà‚ñà‚ñà‚ñà‚ñà‚ñà‚ñà‚ñà‚ñà‚ñà‚ñà‚ñà‚ñà‚ñà‚ñà‚ñà‚ñà‚ñà‚ñà‚ñà‚ñé            ] 87Progress: [ 89%] [‚ñà‚ñà‚ñà‚ñà‚ñà‚ñà‚ñà‚ñà‚ñà‚ñà‚ñà‚ñà‚ñà‚ñà‚ñà‚ñà‚ñà‚ñà‚ñà‚ñà‚ñà‚ñà‚ñà‚ñà‚ñà‚ñà‚ñà‚ñà‚ñà‚ñà‚ñà‚ñà‚ñà‚ñà‚ñà‚ñà‚ñà‚ñà‚ñà‚ñà‚ñà‚ñà‚ñà‚ñà‚ñà‚ñà‚ñà‚ñà‚ñà‚ñà‚ñã      ] 8Processing triggers for debianutils (5.23.2) ...
Processing triggers for man-db (2.13.1-1) ...

0;kent@deb13: ~/Documents
kent@deb13:~/Documents$ 0;kent@deb13: ~/Documents
kent@deb13:~/Documents$ which zsh
/usr/bin/zsh
0;kent@deb13: ~/Documents
kent@deb13:~/Documents$ us
er
nmomod


-bash: usermod: command not found
0;kent@deb13: ~/Documents
kent@deb13:~/Documents$ usermo




sudo user
md
od -s /us
r/bin/zsh ken$USEkent
0;kent@deb13: ~/Documents
kent@deb13:~/Documents$ exit
logout
Connection to localhost closed.
ITINF25/lektion1
$ ssh -p 10022 kent@localhostITINF25/lektion1
$ ssh -p 10022 kent@localhost
Warning: Permanently added '[localhost]:10022' (ED25519) to the list of known hosts.
kent@localhost's password: 
Linux deb13 6.12.63+deb13-amd64 #1 SMP PREEMPT_DYNAMIC Debian 6.12.63-1 (2025-12-30) x86_64

The programs included with the Debian GNU/Linux system are free software;
the exact distribution terms for each program are described in the
individual files in /usr/share/doc/*/copyright.

Debian GNU/Linux comes with ABSOLUTELY NO WARRANTY, to the extent
permitted by applicable law.
Last login: Mon Jan 26 14:46:47 2026 from 10.0.2.2
This is the Z Shell configuration function for new users,
zsh-newuser-install.
You are seeing this message because you have no zsh startup files
(the files .zshenv, .zprofile, .zshrc, .zlogin in the directory
~).  This function can help you with a few settings that should
make your use of the shell easier.

You can:

(q)  Quit and do nothing.  The function will be run again next time.

(0)  Exit, creating the file ~/.zshrc containing just a comment.
     That will prevent this function being run again.

(1)  Continue to the main menu.

(2)  Populate your ~/.zshrc with the configuration recommended
     by the system administrator and exit (you will need to edit
     the file by hand, if so desired).

--- Type one of the keys in parentheses --- 2
/home/kent/.zshrc:15: scalar parameter HISTFILE created globally in function zsh-newuser-install
(eval):1: scalar parameter LS_COLORS created globally in function zsh-newuser-install
kent@deb13 ~ % =>                                                              
kent@deb13 ~ % =exit>                                                          
Connection to localhost closed.
ITINF25/lektion1
$ ssh -p 10022 kent@localhostITINF25/lektion1
$ ssh -p 10022 kent@localhost
Warning: Permanently added '[localhost]:10022' (ED25519) to the list of known hosts.
kent@localhost's password: 
Linux deb13 6.12.63+deb13-amd64 #1 SMP PREEMPT_DYNAMIC Debian 6.12.63-1 (2025-12-30) x86_64

The programs included with the Debian GNU/Linux system are free software;
the exact distribution terms for each program are described in the
individual files in /usr/share/doc/*/copyright.

Debian GNU/Linux comes with ABSOLUTELY NO WARRANTY, to the extent
permitted by applicable law.
Last login: Mon Jan 26 15:36:30 2026 from 10.0.2.2
kent@deb13 ~ % =kent@deb13 ~ % ls>                                             
Desktop    Downloads  Music	Public	   Videos
Documents  hej.txt    Pictures	Templates
kent@deb13 ~ % =sudosgrep zsh /etc/passwd>                                     
kent:x:1000:1000:Kent Larsson,,,:/home/kent:/usr/bin/zsh
kent@deb13 ~ % =echo $HSLSHELL>                                                
/usr/bin/zsh
kent@deb13 ~ % =ps>                                                            
    PID TTY          TIME CMD
   7403 pts/2    00:00:00 zsh
   7483 pts/2    00:00:00 ps
kent@deb13 ~ % =                                                               
bck-i-search: _
_         k-i-search: u_s__ 
bck-i-search: _pss_
failing bck-i-search: su_d_o_
[sudo] password for kent: h  kent>
kent@deb13 ~ % =exit>                                                          
Connection to localhost closed.
ITINF25/lektion1
$ ssh -p 10022 kent@localhostITINF25/lektion1
$ ssh -p 10022 kent@localhost
Warning: Permanently added '[localhost]:10022' (ED25519) to the list of known hosts.
kent@localhost's password: 
Linux deb13 6.12.63+deb13-amd64 #1 SMP PREEMPT_DYNAMIC Debian 6.12.63-1 (2025-12-30) x86_64

The programs included with the Debian GNU/Linux system are free software;
the exact distribution terms for each program are described in the
individual files in /usr/share/doc/*/copyright.

Debian GNU/Linux comes with ABSOLUTELY NO WARRANTY, to the extent
permitted by applicable law.
Last login: Mon Jan 26 15:36:52 2026 from 10.0.2.2
0;kent@deb13: ~
kent@deb13:~$ 0;kent@deb13: ~
kent@deb13:~$ 
0;kent@deb13: ~
kent@deb13:~$ 
0;kent@deb13: ~
kent@deb13:~$ 
0;kent@deb13: ~
kent@deb13:~$ 
0;kent@deb13: ~
kent@deb13:~$ echo $VABASH
/bin/bash
0;kent@deb13: ~
0;kent@deb13: ~d -s /usr/bin/zsusermod -s /usr/bin/zsh ken
kent@deb13:~$ sud




      ^C
0;kent@deb13: ~
kent@deb13:~$ newgrp sud




0;kent@deb13: ~
0;kent@deb13: ~
0;kent@deb13: ~
0;kent@deb13: ~
0;kent@deb13: ~
0;kent@deb13: ~
0;kent@deb13: ~
0;kent@deb13: ~
0;kent@deb13: ~
0;kent@deb13: ~
0;kent@deb13: ~
0;kent@deb13: ~
0;kent@deb13: ~
kent@deb13:~$ 
logout
Connection to localhost closed.
ITINF25/lektion1
$ 
exit

Script done on 2026-01-26 15:50:46+01:00 [COMMAND_EXIT_CODE="130"]
